Component: Arm Compiler for Embedded 6.18 Tool: armlink [5e4cc100]

==============================================================================

Section Cross References

    startup_stm32f407xx.o(STACK) refers (Special) to heapauxi.o(.text) for __use_two_region_memory
    startup_stm32f407xx.o(HEAP) refers (Special) to heapauxi.o(.text) for __use_two_region_memory
    startup_stm32f407xx.o(RESET) refers (Special) to heapauxi.o(.text) for __use_two_region_memory
    startup_stm32f407xx.o(RESET) refers to startup_stm32f407xx.o(STACK) for __initial_sp
    startup_stm32f407xx.o(RESET) refers to startup_stm32f407xx.o(.text) for Reset_Handler
    startup_stm32f407xx.o(RESET) refers to stm32f4xx_it.o(.text.NMI_Handler) for NMI_Handler
    startup_stm32f407xx.o(RESET) refers to stm32f4xx_it.o(.text.HardFault_Handler) for HardFault_Handler
    startup_stm32f407xx.o(RESET) refers to stm32f4xx_it.o(.text.MemManage_Handler) for MemManage_Handler
    startup_stm32f407xx.o(RESET) refers to stm32f4xx_it.o(.text.BusFault_Handler) for BusFault_Handler
    startup_stm32f407xx.o(RESET) refers to stm32f4xx_it.o(.text.UsageFault_Handler) for UsageFault_Handler
    startup_stm32f407xx.o(RESET) refers to stm32f4xx_it.o(.text.SVC_Handler) for SVC_Handler
    startup_stm32f407xx.o(RESET) refers to stm32f4xx_it.o(.text.DebugMon_Handler) for DebugMon_Handler
    startup_stm32f407xx.o(RESET) refers to stm32f4xx_it.o(.text.PendSV_Handler) for PendSV_Handler
    startup_stm32f407xx.o(RESET) refers to stm32f4xx_it.o(.text.SysTick_Handler) for SysTick_Handler
    startup_stm32f407xx.o(RESET) refers to stm32f4xx_it.o(.text.TIM2_IRQHandler) for TIM2_IRQHandler
    startup_stm32f407xx.o(.text) refers (Special) to heapauxi.o(.text) for __use_two_region_memory
    startup_stm32f407xx.o(.text) refers to system_stm32f4xx.o(.text.SystemInit) for SystemInit
    startup_stm32f407xx.o(.text) refers to __main.o(!!!main) for __main
    startup_stm32f407xx.o(.text) refers to startup_stm32f407xx.o(HEAP) for Heap_Mem
    startup_stm32f407xx.o(.text) refers to startup_stm32f407xx.o(STACK) for Stack_Mem
    lcd.o(.ARM.exidx.text.lcd_wr_data) refers to lcd.o(.text.lcd_wr_data) for [Anonymous Symbol]
    lcd.o(.ARM.exidx.text.lcd_wr_regno) refers to lcd.o(.text.lcd_wr_regno) for [Anonymous Symbol]
    lcd.o(.ARM.exidx.text.lcd_write_reg) refers to lcd.o(.text.lcd_write_reg) for [Anonymous Symbol]
    lcd.o(.text.lcd_write_ram_prepare) refers to lcd.o(.bss..L_MergedGlobals.2) for .L_MergedGlobals.2
    lcd.o(.ARM.exidx.text.lcd_write_ram_prepare) refers to lcd.o(.text.lcd_write_ram_prepare) for [Anonymous Symbol]
    lcd.o(.text.lcd_read_point) refers to lcd.o(.bss..L_MergedGlobals.2) for .L_MergedGlobals.2
    lcd.o(.text.lcd_read_point) refers to lcd.o(.text.lcd_set_cursor) for lcd_set_cursor
    lcd.o(.ARM.exidx.text.lcd_read_point) refers to lcd.o(.text.lcd_read_point) for [Anonymous Symbol]
    lcd.o(.text.lcd_set_cursor) refers to lcd.o(.bss..L_MergedGlobals.2) for .L_MergedGlobals.2
    lcd.o(.ARM.exidx.text.lcd_set_cursor) refers to lcd.o(.text.lcd_set_cursor) for [Anonymous Symbol]
    lcd.o(.text.lcd_display_on) refers to lcd.o(.bss..L_MergedGlobals.2) for .L_MergedGlobals.2
    lcd.o(.ARM.exidx.text.lcd_display_on) refers to lcd.o(.text.lcd_display_on) for [Anonymous Symbol]
    lcd.o(.text.lcd_display_off) refers to lcd.o(.bss..L_MergedGlobals.2) for .L_MergedGlobals.2
    lcd.o(.ARM.exidx.text.lcd_display_off) refers to lcd.o(.text.lcd_display_off) for [Anonymous Symbol]
    lcd.o(.text.lcd_scan_dir) refers to lcd.o(.bss..L_MergedGlobals.2) for .L_MergedGlobals.2
    lcd.o(.text.lcd_scan_dir) refers to lcd.o(.rodata..Lswitch.table.lcd_scan_dir.1) for .Lswitch.table.lcd_scan_dir.1
    lcd.o(.ARM.exidx.text.lcd_scan_dir) refers to lcd.o(.text.lcd_scan_dir) for [Anonymous Symbol]
    lcd.o(.text.lcd_draw_point) refers to lcd.o(.text.lcd_set_cursor) for lcd_set_cursor
    lcd.o(.text.lcd_draw_point) refers to lcd.o(.bss..L_MergedGlobals.2) for .L_MergedGlobals.2
    lcd.o(.ARM.exidx.text.lcd_draw_point) refers to lcd.o(.text.lcd_draw_point) for [Anonymous Symbol]
    lcd.o(.text.lcd_ssd_backlight_set) refers to dflt_clz.o(x$fpl$dfltu) for __aeabi_ui2d
    lcd.o(.text.lcd_ssd_backlight_set) refers to dmul.o(x$fpl$dmul) for __aeabi_dmul
    lcd.o(.text.lcd_ssd_backlight_set) refers to dfix.o(x$fpl$dfix) for __aeabi_d2iz
    lcd.o(.ARM.exidx.text.lcd_ssd_backlight_set) refers to lcd.o(.text.lcd_ssd_backlight_set) for [Anonymous Symbol]
    lcd.o(.text.lcd_display_dir) refers to lcd.o(.bss..L_MergedGlobals.2) for .L_MergedGlobals.2
    lcd.o(.text.lcd_display_dir) refers to lcd.o(.text.lcd_scan_dir) for lcd_scan_dir
    lcd.o(.ARM.exidx.text.lcd_display_dir) refers to lcd.o(.text.lcd_display_dir) for [Anonymous Symbol]
    lcd.o(.text.lcd_set_window) refers to lcd.o(.bss..L_MergedGlobals.2) for .L_MergedGlobals.2
    lcd.o(.ARM.exidx.text.lcd_set_window) refers to lcd.o(.text.lcd_set_window) for [Anonymous Symbol]
[...]
    ai_platform_network_post_init            0x0800bd0d   Thumb Code    70  ai_platform_interface.o(i.ai_platform_network_post_init)
    ai_platform_network_process              0x0800bd53   Thumb Code    84  ai_platform_interface.o(i.ai_platform_network_process)
    ai_platform_network_set_error            0x0800bda7   Thumb Code    12  ai_platform_interface.o(i.ai_platform_network_set_error)
    ai_platform_outputs_get                  0x0800bdb3   Thumb Code    72  ai_platform_interface.o(i.ai_platform_outputs_get)
    ai_version_get                           0x0800be15   Thumb Code    12  ai_datatypes_internal.o(i.ai_version_get)
    core_get_error                           0x0800be21   Thumb Code    12  core_common.o(i.core_get_error)
    core_init                                0x0800be2d   Thumb Code     4  core_common.o(i.core_init)
    core_set_error                           0x0800be31   Thumb Code    26  core_common.o(i.core_set_error)
    forward_conv2d_if32of32wf32              0x0800be4b   Thumb Code   458  layers_conv2d_generic_float.o(i.forward_conv2d_if32of32wf32)
    forward_dense                            0x0800c015   Thumb Code   488  layers_conv2d_generic_float.o(i.forward_dense)
    forward_lite_conv2d_if32of32wf32         0x0800c201   Thumb Code   362  forward_lite_conv2d_if32of32wf32.o(i.forward_lite_conv2d_if32of32wf32)
    forward_lite_dense_if32of32wf32          0x0800c371   Thumb Code   120  lite_dense_if32.o(i.forward_lite_dense_if32of32wf32)
    forward_mp                               0x0800c3ed   Thumb Code   336  layers_pool_generic_float.o(i.forward_mp)
    forward_relu                             0x0800c53d   Thumb Code   202  layers_nl_generic_float.o(i.forward_relu)
    forward_sm                               0x0800c60d   Thumb Code   112  layers_nl_generic_float.o(i.forward_sm)
    forward_transpose                        0x0800c67d   Thumb Code    76  layers_generic_float.o(i.forward_transpose)
    get_tensor_byte_size                     0x0800c6c9   Thumb Code    34  ai_datatypes_internal.o(i.get_tensor_byte_size)
    pool_func_mp_kernel_array_f32            0x0800c6f1   Thumb Code    62  layers_pool_generic_float.o(i.pool_func_mp_kernel_array_f32)
    st_int8_copy                             0x0800c731   Thumb Code   144  st_int8_fill.o(i.st_int8_copy)
    _get_lc_numeric                          0x0800c7c1   Thumb Code    44  lc_numeric_c.o(locale$$code)
    __fpl_dcmp_Inf                           0x0800c7ed   Thumb Code    24  dcmpi.o(x$fpl$dcmpinf)
    __aeabi_ddiv                             0x0800c805   Thumb Code     0  ddiv.o(x$fpl$ddiv)
    _ddiv                                    0x0800c805   Thumb Code   556  ddiv.o(x$fpl$ddiv)
    __aeabi_cdcmpeq                          0x0800cab9   Thumb Code     0  deqf.o(x$fpl$deqf)
    _dcmpeq                                  0x0800cab9   Thumb Code   120  deqf.o(x$fpl$deqf)
    __aeabi_i2d                              0x0800cb31   Thumb Code     0  dflt_clz.o(x$fpl$dflt)
    _dflt                                    0x0800cb31   Thumb Code    46  dflt_clz.o(x$fpl$dflt)
    __aeabi_cdcmpge                          0x0800cb61   Thumb Code     0  dgeqf.o(x$fpl$dgeqf)
    _dcmpge                                  0x0800cb61   Thumb Code   120  dgeqf.o(x$fpl$dgeqf)
    __aeabi_cdcmple                          0x0800cbd9   Thumb Code     0  dleqf.o(x$fpl$dleqf)
    _dcmple                                  0x0800cbd9   Thumb Code   120  dleqf.o(x$fpl$dleqf)
    __fpl_dcmple_InfNaN                      0x0800cc3b   Thumb Code     0  dleqf.o(x$fpl$dleqf)
    __fpl_dnaninf                            0x0800cc51   Thumb Code   156  dnaninf.o(x$fpl$dnaninf)
    __fpl_dretinf                            0x0800cced   Thumb Code    12  dretinf.o(x$fpl$dretinf)
    __aeabi_f2d                              0x0800ccf9   Thumb Code     0  f2d.o(x$fpl$f2d)
    _f2d                                     0x0800ccf9   Thumb Code    86  f2d.o(x$fpl$f2d)
    __aeabi_dcmpeq                           0x0800cd4f   Thumb Code     0  dcmp.o(x$fpl$fcmp)
    _deq                                     0x0800cd4f   Thumb Code    14  dcmp.o(x$fpl$fcmp)
    _dneq                                    0x0800cd5d   Thumb Code    14  dcmp.o(x$fpl$fcmp)
    __aeabi_dcmpgt                           0x0800cd6b   Thumb Code     0  dcmp.o(x$fpl$fcmp)
    _dgr                                     0x0800cd6b   Thumb Code    14  dcmp.o(x$fpl$fcmp)
    __aeabi_dcmpge                           0x0800cd79   Thumb Code     0  dcmp.o(x$fpl$fcmp)
    _dgeq                                    0x0800cd79   Thumb Code    14  dcmp.o(x$fpl$fcmp)
    __aeabi_dcmple                           0x0800cd87   Thumb Code     0  dcmp.o(x$fpl$fcmp)
    _dleq                                    0x0800cd87   Thumb Code    14  dcmp.o(x$fpl$fcmp)
    __aeabi_dcmplt                           0x0800cd95   Thumb Code     0  dcmp.o(x$fpl$fcmp)
    _dls                                     0x0800cd95   Thumb Code    14  dcmp.o(x$fpl$fcmp)
    __fpl_fnaninf                            0x0800cda3   Thumb Code   140  fnaninf.o(x$fpl$fnaninf)
    _fp_init                                 0x0800ce2f   Thumb Code    26  fpinit.o(x$fpl$fpinit)
    __fplib_config_fpu_vfp                   0x0800ce47   Thumb Code     0  fpinit.o(x$fpl$fpinit)
    __fplib_config_pureend_doubles           0x0800ce47   Thumb Code     0  fpinit.o(x$fpl$fpinit)
    _printf_fp_dec                           0x0800ce49   Thumb Code     4  printf1.o(x$fpl$printf1)
    __I$use$fp                               0x0800ce4c   Number         0  usenofp.o(x$fpl$usenofp)
    AHBPrescTable                            0x0800d256   Data          16  system_stm32f4xx.o(.rodata.AHBPrescTable)
    APBPrescTable                            0x0800d266   Data           8  system_stm32f4xx.o(.rodata.APBPrescTable)
    GT9XXX_TPX_TBL                           0x0800d26e   Data          20  gt9xxx.o(.rodata.GT9XXX_TPX_TBL)
    POINT_COLOR_TBL                          0x0800d282   Data          20  main.o(.rodata.POINT_COLOR_TBL)
    asc2_1206                                0x0800d2f8   Data        1140  lcd.o(.rodata.asc2_1206)
    asc2_1608                                0x0800d76c   Data        1520  lcd.o(.rodata.asc2_1608)
    asc2_2412                                0x0800dd5c   Data        3420  lcd.o(.rodata.asc2_2412)
    asc2_3216                                0x0800eab8   Data        6080  lcd.o(.rodata.asc2_3216)
    s_network_weights_array_u64              0x08010280   Data       501288  network_data_params.o(.rodata.s_network_weights_array_u64)
    Region$$Table$$Base                      0x0808a964   Number         0  anon$$obj.o(Region$$Table)
    Region$$Table$$Limit                     0x0808a984   Number         0  anon$$obj.o(Region$$Table)
    __ARM_use_no_argv                        0x20000000   Data           4  main.o(.ARM.use_no_argv)
    uwTickFreq                               0x20000004   Data           1  stm32f4xx_hal.o(.data..L_MergedGlobals)
    uwTickPrio                               0x20000008   Data           4  stm32f4xx_hal.o(.data..L_MergedGlobals)
    SystemCoreClock                          0x20000730   Data           4  system_stm32f4xx.o(.data.SystemCoreClock)
    g_back_color                             0x20000d30   Data           4  lcd.o(.data.g_back_color)
    g_gt_tnum                                0x20000d34   Data           1  gt9xxx.o(.data.g_gt_tnum)
    g_network_data_map_activations           0x20000d84   Data          28  network_data.o(.data.g_network_data_map_activations)
    g_network_data_map_weights               0x20000da0   Data          28  network_data.o(.data.g_network_data_map_weights)
    tp_dev                                   0x20000e34   Data          72  touch.o(.data.tp_dev)
    __libspace_start                         0x20000e80   Data          96  libspace.o(.bss)
    __temporary_stack_top$libspace           0x20000ee0   Data           0  libspace.o(.bss)
    network                                  0x20000ee0   Data           4  main.o(.bss..L_MergedGlobals)
    ai_input                                 0x20000ee4   Data           4  main.o(.bss..L_MergedGlobals)
    ai_output                                0x20000ee8   Data           4  main.o(.bss..L_MergedGlobals)
    move_y                                   0x20000f14   Data           4  lcd.o(.bss..L_MergedGlobals.2)
    move_x                                   0x20000f18   Data           4  lcd.o(.bss..L_MergedGlobals.2)
    lcddev                                   0x20000f1c   Data          14  lcd.o(.bss..L_MergedGlobals.2)
    __stdout                                 0x2000100c   Data          84  usart.o(.bss.__stdout)
    activations                              0x20001060   Data       53312  main.o(.bss.activations)
    hcrc                                     0x2000ecf0   Data           8  crc.o(.bss.hcrc)
    hsram1                                   0x2000ecf8   Data          80  fsmc.o(.bss.hsram1)
    htim2                                    0x2000ed48   Data          72  tim.o(.bss.htim2)
    huart1                                   0x2000ed90   Data          68  usart.o(.bss.huart1)
    lastpos                                  0x2000edd4   Data          40  main.o(.bss.lastpos)
    uwTick                                   0x2000edfc   Data           4  stm32f4xx_hal.o(.bss.uwTick)



==============================================================================

Memory Map of the image

  Image Entry point : 0x08000189

  Load Region LR_IROM1 (Base: 0x08000000, Size: 0x0008b820, Max: 0x00100000, ABSOLUTE, COMPRESSED[0x0008aef0])

    Execution Region ER_IROM1 (Exec base: 0x08000000, Load base: 0x08000000, Size: 0x0008a9a0, Max: 0x00100000, ABSOLUTE)

    Exec Addr    Load Addr    Size         Type   Attr      Idx    E Section Name        Object

    0x08000000   0x08000000   0x00000188   Data   RO            3    RESET               startup_stm32f407xx.o
    0x08000188   0x08000188   0x00000008   Code   RO         3399  * !!!main             c_w.l(__main.o)
    0x08000190   0x08000190   0x00000034   Code   RO         3879    !!!scatter          c_w.l(__scatter.o)
    0x080001c4   0x080001c4   0x0000005a   Code   RO         3877    !!dczerorl2         c_w.l(__dczerorl2.o)
    0x0800021e   0x0800021e   0x00000002   PAD
    0x08000220   0x08000220   0x0000001c   Code   RO         3881    !!handler_zi        c_w.l(__scatter_zi.o)
    0x0800023c   0x0800023c   0x00000000   Code   RO         3388    .ARM.Collect$$_printf_percent$$00000000  c_w.l(_printf_percent.o)
    0x0800023c   0x0800023c   0x00000006   Code   RO         3387    .ARM.Collect$$_printf_percent$$00000003  c_w.l(_printf_f.o)
    0x08000242   0x08000242   0x00000006   Code   RO         3386    .ARM.Collect$$_printf_percent$$00000009  c_w.l(_printf_d.o)
    0x08000248   0x08000248   0x00000006   Code   RO         3385    .ARM.Collect$$_printf_percent$$0000000C  c_w.l(_printf_x.o)
    0x0800024e   0x0800024e   0x00000006   Code   RO         3384    .ARM.Collect$$_printf_percent$$00000014  c_w.l(_printf_s.o)
    0x08000254   0x08000254   0x00000004   Code   RO         3602    .ARM.Collect$$_printf_percent$$00000017  c_w.l(_printf_percent_end.o)
    0x08000258   0x08000258   0x00000002   Code   RO         3818    .ARM.Collect$$libinit$$00000000  c_w.l(libinit.o)
    0x0800025a   0x0800025a   0x00000004   Code   RO         3605    .ARM.Collect$$libinit$$00000001  c_w.l(libinit2.o)
    0x0800025e   0x0800025e   0x00000000   Code   RO         3608    .ARM.Collect$$libinit$$00000004  c_w.l(libinit2.o)
    0x0800025e   0x0800025e   0x00000000   Code   RO         3610    .ARM.Collect$$libinit$$00000006  c_w.l(libinit2.o)
    0x0800025e   0x0800025e   0x00000008   Code   RO         3611    .ARM.Collect$$libinit$$00000007  c_w.l(libinit2.o)
    0x08000266   0x08000266   0x00000000   Code   RO         3613    .ARM.Collect$$libinit$$0000000C  c_w.l(libinit2.o)
    0x08000266   0x08000266   0x00000000   Code   RO         3615    .ARM.Collect$$libinit$$0000000E  c_w.l(libinit2.o)
    0x08000266   0x08000266   0x00000000   Code   RO         3617    .ARM.Collect$$libinit$$00000010  c_w.l(libinit2.o)
    0x08000266   0x08000266   0x00000006   Code   RO         3618    .ARM.Collect$$libinit$$00000011  c_w.l(libinit2.o)
    0x0800026c   0x0800026c   0x00000000   Code   RO         3620    .ARM.Collect$$libinit$$00000013  c_w.l(libinit2.o)
    0x0800026c   0x0800026c   0x00000000   Code   RO         3622    .ARM.Collect$$libinit$$00000015  c_w.l(libinit2.o)
    0x0800026c   0x0800026c   0x00000000   Code   RO         3624    .ARM.Collect$$libinit$$00000017  c_w.l(libinit2.o)
    0x0800026c   0x0800026c   0x0000000a   Code   RO         3625    .ARM.Collect$$libinit$$00000018  c_w.l(libinit2.o)
    0x08000276   0x08000276   0x00000000   Code   RO         3626    .ARM.Collect$$libinit$$00000019  c_w.l(libinit2.o)
    0x08000276   0x08000276   0x00000000   Code   RO         3628    .ARM.Collect$$libinit$$0000001B  c_w.l(libinit2.o)
    0x08000276   0x08000276   0x00000000   Code   RO         3630    .ARM.Collect$$libinit$$0000001D  c_w.l(libinit2.o)
    0x08000276   0x08000276   0x00000000   Code   RO         3632    .ARM.Collect$$libinit$$0000001F  c_w.l(libinit2.o)
    0x08000276   0x08000276   0x00000000   Code   RO         3634    .ARM.Collect$$libinit$$00000021  c_w.l(libinit2.o)
    0x08000276   0x08000276   0x00000000   Code   RO         3636    .ARM.Collect$$libinit$$00000023  c_w.l(libinit2.o)
    0x08000276   0x08000276   0x00000000   Code   RO         3638    .ARM.Collect$$libinit$$00000025  c_w.l(libinit2.o)
    0x08000276   0x08000276   0x00000000   Code   RO         3640    .ARM.Collect$$libinit$$00000027  c_w.l(libinit2.o)
    0x08000276   0x08000276   0x00000000   Code   RO         3644    .ARM.Collect$$libinit$$0000002E  c_w.l(libinit2.o)
    0x08000276   0x08000276   0x00000000   Code   RO         3646    .ARM.Collect$$libinit$$00000030  c_w.l(libinit2.o)
    0x08000276   0x08000276   0x00000000   Code   RO         3648    .ARM.Collect$$libinit$$00000032  c_w.l(libinit2.o)
    0x08000276   0x08000276   0x00000000   Code   RO         3650    .ARM.Collect$$libinit$$00000034  c_w.l(libinit2.o)
    0x08000276   0x08000276   0x00000002   Code   RO         3651    .ARM.Collect$$libinit$$00000035  c_w.l(libinit2.o)
    0x08000278   0x08000278   0x00000002   Code   RO         3874    .ARM.Collect$$libshutdown$$00000000  c_w.l(libshutdown.o)
    0x0800027a   0x0800027a   0x00000000   Code   RO         3834    .ARM.Collect$$libshutdown$$00000002  c_w.l(libshutdown2.o)
    0x0800027a   0x0800027a   0x00000000   Code   RO         3836    .ARM.Collect$$libshutdown$$00000004  c_w.l(libshutdown2.o)
    0x0800027a   0x0800027a   0x00000000   Code   RO         3839    .ARM.Collect$$libshutdown$$00000007  c_w.l(libshutdown2.o)
    0x0800027a   0x0800027a   0x00000000   Code   RO         3842    .ARM.Collect$$libshutdown$$0000000A  c_w.l(libshutdown2.o)
    0x0800027a   0x0800027a   0x00000000   Code   RO         3844    .ARM.Collect$$libshutdown$$0000000C  c_w.l(libshutdown2.o)
    0x0800027a   0x0800027a   0x00000000   Code   RO         3847    .ARM.Collect$$libshutdown$$0000000F  c_w.l(libshutdown2.o)
    0x0800027a   0x0800027a   0x00000002   Code   RO         3848    .ARM.Collect$$libshutdown$$00000010  c_w.l(libshutdown2.o)
    0x0800027c   0x0800027c   0x00000000   Code   RO         3558    .ARM.Collect$$rtentry$$00000000  c_w.l(__rtentry.o)
    0x0800027c   0x0800027c   0x00000000   Code   RO         3700    .ARM.Collect$$rtentry$$00000002  c_w.l(__rtentry2.o)
    0x0800027c   0x0800027c   0x00000006   Code   RO         3712    .ARM.Collect$$rtentry$$00000004  c_w.l(__rtentry4.o)
    0x08000282   0x08000282   0x00000000   Code   RO         3702    .ARM.Collect$$rtentry$$00000009  c_w.l(__rtentry2.o)
    0x08000282   0x08000282   0x00000004   Code   RO         3703    .ARM.Collect$$rtentry$$0000000A  c_w.l(__rtentry2.o)
    0x08000286   0x08000286   0x00000000   Code   RO         3705    .ARM.Collect$$rtentry$$0000000C  c_w.l(__rtentry2.o)
    0x08000286   0x08000286   0x00000008   Code   RO         3706    .ARM.Collect$$rtentry$$0000000D  c_w.l(__rtentry2.o)
    0x0800028e   0x0800028e   0x00000002   Code   RO         3819    .ARM.Collect$$rtexit$$00000000  c_w.l(rtexit.o)
    0x08000290   0x08000290   0x00000000   Code   RO         3850    .ARM.Collect$$rtexit$$00000002  c_w.l(rtexit2.o)
    0x08000290   0x08000290   0x00000004   Code   RO         3851    .ARM.Collect$$rtexit$$00000003  c_w.l(rtexit2.o)
    0x08000294   0x08000294   0x00000006   Code   RO         3852    .ARM.Collect$$rtexit$$00000004  c_w.l(rtexit2.o)
    0x0800029a   0x0800029a   0x00000002   PAD
    0x0800029c   0x0800029c   0x00000040   Code   RO            4    .text               startup_stm32f407xx.o
    0x080002dc   0x080002dc   0x00000002   Code   RO         3255    .text               c_w.l(use_no_semi_2.o)
    0x080002de   0x080002de   0x0000005e   Code   RO         3263    .text               c_w.l(h1_alloc.o)
    0x0800033c   0x0800033c   0x0000004e   Code   RO         3265    .text               c_w.l(h1_free.o)
    0x0800038a   0x0800038a   0x000000f0   Code   RO         3325    .text               c_w.l(lludivv7m.o)
    0x0800047a   0x0800047a   0x00000002   PAD
    0x0800047c   0x0800047c   0x00000018   Code   RO         3331    .text               c_w.l(noretval__2printf.o)
    0x08000494   0x08000494   0x00000028   Code   RO         3333    .text               c_w.l(noretval__2sprintf.o)
    0x080004bc   0x080004bc   0x0000004e   Code   RO         3337    .text               c_w.l(_printf_pad.o)
    0x0800050a   0x0800050a   0x00000052   Code   RO         3339    .text               c_w.l(_printf_str.o)
    0x0800055c   0x0800055c   0x00000078   Code   RO         3341    .text               c_w.l(_printf_dec.o)
    0x080005d4   0x080005d4   0x00000058   Code   RO         3346    .text               c_w.l(_printf_hex_int.o)
    0x0800062c   0x0800062c   0x00000138   Code   RO         3376    .text               c_w.l(__printf_flags_wp.o)
    0x08000764   0x08000764   0x0000002c   Code   RO         3389    .text               c_w.l(puts.o)
    0x08000790   0x08000790   0x00000058   Code   RO         3391    .text               c_w.l(memcmp.o)
    0x080007e8   0x080007e8   0x00000064   Code   RO         3393    .text               c_w.l(rt_memcpy_w.o)
    0x0800084c   0x0800084c   0x0000004e   Code   RO         3395    .text               c_w.l(rt_memclr_w.o)
    0x0800089a   0x0800089a   0x00000006   Code   RO         3397    .text               c_w.l(heapauxi.o)
    0x080008a0   0x080008a0   0x00000002   Code   RO         3554    .text               c_w.l(use_no_semi.o)
    0x080008a2   0x080008a2   0x00000002   PAD
    0x080008a4   0x080008a4   0x00000008   Code   RO         3566    .text               c_w.l(rt_heap_descriptor_intlibspace.o)
    0x080008ac   0x080008ac   0x00000004   Code   RO         3568    .text               c_w.l(hguard.o)
    0x080008b0   0x080008b0   0x0000008a   Code   RO         3570    .text               c_w.l(init_alloc.o)
    0x0800093a   0x0800093a   0x0000000e   Code   RO         3574    .text               c_w.l(h1_init.o)
    0x08000948   0x08000948   0x00000016   Code   RO         3586    .text               c_w.l(_rserrno.o)
    0x0800095e   0x0800095e   0x000000b2   Code   RO         3588    .text               c_w.l(_printf_intcommon.o)
    0x08000a10   0x08000a10   0x0000041c   Code   RO         3590    .text               c_w.l(_printf_fp_dec.o)
    0x08000e2c   0x08000e2c   0x00000030   Code   RO         3594    .text               c_w.l(_printf_char_common.o)
    0x08000e5c   0x08000e5c   0x0000000a   Code   RO         3596    .text               c_w.l(_sputc.o)
    0x08000e66   0x08000e66   0x0000002c   Code   RO         3598    .text               c_w.l(_printf_char.o)
    0x08000e92   0x08000e92   0x00000002   PAD
    0x08000e94   0x08000e94   0x00000024   Code   RO         3600    .text               c_w.l(_printf_char_file.o)
    0x08000eb8   0x08000eb8   0x00000008   Code   RO         3696    .text               c_w.l(libspace.o)
    0x08000ec0   0x08000ec0   0x00000008   Code   RO         3719    .text               c_w.l(rt_locale_intlibspace.o)
    0x08000ec8   0x08000ec8   0x00000008   Code   RO         3724    .text               c_w.l(rt_errno_addr_intlibspace.o)
    0x08000ed0   0x08000ed0   0x00000000   Code   RO         3728    .text               c_w.l(maybetermalloc1.o)
    0x08000ed0   0x08000ed0   0x00000034   Code   RO         3730    .text               c_w.l(h1_extend.o)
    0x08000f04   0x08000f04   0x0000008a   Code   RO         3734    .text               c_w.l(lludiv10.o)
    0x08000f8e   0x08000f8e   0x00000002   PAD
    0x08000f90   0x08000f90   0x00000080   Code   RO         3736    .text               c_w.l(_printf_fp_infnan.o)
    0x08001010   0x08001010   0x000000e4   Code   RO         3740    .text               c_w.l(bigflt0.o)
    0x080010f4   0x080010f4   0x00000008   Code   RO         3767    .text               c_w.l(ferror.o)
    0x080010fc   0x080010fc   0x0000000e   Code   RO         3774    .text               c_w.l(defsig_rtmem_outer.o)
    0x0800110a   0x0800110a   0x0000004a   Code   RO         3789    .text               c_w.l(sys_stackheap_outer.o)
    0x08001154   0x08001154   0x00000012   Code   RO         3797    .text               c_w.l(exit.o)
    0x08001166   0x08001166   0x0000000a   Code   RO         3799    .text               c_w.l(defsig_exit.o)
    0x08001170   0x08001170   0x00000050   Code   RO         3805    .text               c_w.l(defsig_rtmem_inner.o)
    0x080011c0   0x080011c0   0x0000007c   Code   RO         3807    .text               c_w.l(strcmpv7em.o)
    0x0800123c   0x0800123c   0x00000032   Code   RO         3829    .text               c_w.l(defsig_general.o)
    0x0800126e   0x0800126e   0x00000002   PAD
    0x08001270   0x08001270   0x00000002   Code   RO          229    .text.BusFault_Handler  stm32f4xx_it.o
    0x08001272   0x08001272   0x00000002   PAD
    0x08001274   0x08001274   0x00000002   Code   RO          235    .text.DebugMon_Handler  stm32f4xx_it.o
    0x08001276   0x08001276   0x00000002   PAD
    0x08001278   0x08001278   0x0000000a   Code   RO          120    .text.Error_Handler  main.o
    0x08001282   0x08001282   0x00000002   PAD
    0x08001284   0x08001284   0x0000004c   Code   RO          813    .text.FSMC_NORSRAM_Extended_Timing_Init  stm32f4xx_ll_fsmc.o
    0x080012d0   0x080012d0   0x00000086   Code   RO          807    .text.FSMC_NORSRAM_Init  stm32f4xx_ll_fsmc.o
    0x08001356   0x08001356   0x00000002   PAD
    0x08001358   0x08001358   0x00000044   Code   RO          811    .text.FSMC_NORSRAM_Timing_Init  stm32f4xx_ll_fsmc.o
    0x0800139c   0x0800139c   0x0000002a   Code   RO          406    .text.HAL_CRC_Init  stm32f4xx_hal_crc.o
    0x080013c6   0x080013c6   0x00000002   PAD
    0x080013c8   0x080013c8   0x00000032   Code   RO          154    .text.HAL_CRC_MspInit  crc.o
    0x080013fa   0x080013fa   0x00000002   PAD
    0x080013fc   0x080013fc   0x00000028   Code   RO          737    .text.HAL_Delay     stm32f4xx_hal.o
    0x08001424   0x08001424   0x000001ba   Code   RO          538    .text.HAL_GPIO_Init  stm32f4xx_hal_gpio.o
    0x080015de   0x080015de   0x00000002   PAD
    0x080015e0   0x080015e0   0x0000000a   Code   RO          542    .text.HAL_GPIO_ReadPin  stm32f4xx_hal_gpio.o
    0x080015ea   0x080015ea   0x00000002   PAD
    0x080015ec   0x080015ec   0x0000000a   Code   RO          544    .text.HAL_GPIO_WritePin  stm32f4xx_hal_gpio.o
    0x080015f6   0x080015f6   0x00000002   PAD
    0x080015f8   0x080015f8   0x0000000c   Code   RO          729    .text.HAL_GetTick   stm32f4xx_hal.o
    0x08001604   0x08001604   0x0000001a   Code   RO          727    .text.HAL_IncTick   stm32f4xx_hal.o
    0x0800161e   0x0800161e   0x00000002   PAD
    0x08001620   0x08001620   0x00000036   Code   RO          717    .text.HAL_Init      stm32f4xx_hal.o
    0x08001656   0x08001656   0x00000002   PAD
    0x08001658   0x08001658   0x00000048   Code   RO          719    .text.HAL_InitTick  stm32f4xx_hal.o
    0x080016a0   0x080016a0   0x00000038   Code   RO          250    .text.HAL_MspInit   stm32f4xx_hal_msp.o
    0x080016d8   0x080016d8   0x00000020   Code   RO          675    .text.HAL_NVIC_EnableIRQ  stm32f4xx_hal_cortex.o
    0x080016f8   0x080016f8   0x00000056   Code   RO          673    .text.HAL_NVIC_SetPriority  stm32f4xx_hal_cortex.o
    0x0800174e   0x0800174e   0x00000002   PAD
    0x08001750   0x08001750   0x00000020   Code   RO          671    .text.HAL_NVIC_SetPriorityGrouping  stm32f4xx_hal_cortex.o
    0x08001770   0x08001770   0x00000160   Code   RO          432    .text.HAL_RCC_ClockConfig  stm32f4xx_hal_rcc.o
    0x080018d0   0x080018d0   0x00000026   Code   RO          444    .text.HAL_RCC_GetPCLK1Freq  stm32f4xx_hal_rcc.o
    0x080018f6   0x080018f6   0x00000002   PAD
    0x080018f8   0x080018f8   0x00000026   Code   RO          446    .text.HAL_RCC_GetPCLK2Freq  stm32f4xx_hal_rcc.o
    0x0800191e   0x0800191e   0x00000002   PAD
    0x08001920   0x08001920   0x0000006a   Code   RO          434    .text.HAL_RCC_GetSysClockFreq  stm32f4xx_hal_rcc.o
    0x0800198a   0x0800198a   0x00000002   PAD
    0x0800198c   0x0800198c   0x00000378   Code   RO          430    .text.HAL_RCC_OscConfig  stm32f4xx_hal_rcc.o
    0x08001d04   0x08001d04   0x0000005c   Code   RO          851    .text.HAL_SRAM_Init  stm32f4xx_hal_sram.o
    0x08001d60   0x08001d60   0x000000ae   Code   RO          169    .text.HAL_SRAM_MspInit  fsmc.o
    0x08001e0e   0x08001e0e   0x00000002   PAD
    0x08001e10   0x08001e10   0x0000002c   Code   RO          683    .text.HAL_SYSTICK_Config  stm32f4xx_hal_cortex.o
    0x08001e3c   0x08001e3c   0x00000002   Code   RO         1204    .text.HAL_TIMEx_BreakCallback  stm32f4xx_hal_tim_ex.o
    0x08001e3e   0x08001e3e   0x00000002   PAD
    0x08001e40   0x08001e40   0x00000002   Code   RO         1200    .text.HAL_TIMEx_CommutCallback  stm32f4xx_hal_tim_ex.o
    0x08001e42   0x08001e42   0x00000002   PAD
    0x08001e44   0x08001e44   0x000000b6   Code   RO         1194    .text.HAL_TIMEx_MasterConfigSynchronization  stm32f4xx_hal_tim_ex.o
    0x08001efa   0x08001efa   0x00000002   PAD
    0x08001efc   0x08001efc   0x0000005a   Code   RO          899    .text.HAL_TIM_Base_Init  stm32f4xx_hal_tim.o
    0x08001f56   0x08001f56   0x00000002   PAD
    0x08001f58   0x08001f58   0x00000044   Code   RO          186    .text.HAL_TIM_Base_MspInit  tim.o
    0x08001f9c   0x08001f9c   0x000000aa   Code   RO          913    .text.HAL_TIM_Base_Start_IT  stm32f4xx_hal_tim.o
    0x08002046   0x08002046   0x00000002   PAD
    0x08002048   0x08002048   0x0000019c   Code   RO         1079    .text.HAL_TIM_ConfigClockSource  stm32f4xx_hal_tim.o
    0x080021e4   0x080021e4   0x00000002   Code   RO         1035    .text.HAL_TIM_IC_CaptureCallback  stm32f4xx_hal_tim.o
    0x080021e6   0x080021e6   0x00000002   PAD
    0x080021e8   0x080021e8   0x00000170   Code   RO         1033    .text.HAL_TIM_IRQHandler  stm32f4xx_hal_tim.o
    0x08002358   0x08002358   0x00000002   Code   RO         1037    .text.HAL_TIM_OC_DelayElapsedCallback  stm32f4xx_hal_tim.o
    0x0800235a   0x0800235a   0x00000002   PAD
    0x0800235c   0x0800235c   0x00000002   Code   RO         1039    .text.HAL_TIM_PWM_PulseFinishedCallback  stm32f4xx_hal_tim.o
    0x0800235e   0x0800235e   0x00000002   PAD
    0x08002360   0x08002360   0x0000000e   Code   RO          114    .text.HAL_TIM_PeriodElapsedCallback  main.o
    0x0800236e   0x0800236e   0x00000002   PAD
    0x08002370   0x08002370   0x00000002   Code   RO         1043    .text.HAL_TIM_TriggerCallback  stm32f4xx_hal_tim.o
    0x08002372   0x08002372   0x00000002   PAD
    0x08002374   0x08002374   0x0000005e   Code   RO         1218    .text.HAL_UART_Init  stm32f4xx_hal_uart.o
    0x080023d2   0x080023d2   0x00000002   PAD
    0x080023d4   0x080023d4   0x0000006c   Code   RO          209    .text.HAL_UART_MspInit  usart.o
    0x08002440   0x08002440   0x00000002   Code   RO          225    .text.HardFault_Handler  stm32f4xx_it.o
    0x08002442   0x08002442   0x00000002   PAD
    0x08002444   0x08002444   0x00000026   Code   RO          152    .text.MX_CRC_Init   crc.o
    0x0800246a   0x0800246a   0x00000002   PAD
    0x0800246c   0x0800246c   0x00000080   Code   RO          167    .text.MX_FSMC_Init  fsmc.o
    0x080024ec   0x080024ec   0x000000cc   Code   RO          143    .text.MX_GPIO_Init  gpio.o
    0x080025b8   0x080025b8   0x00000072   Code   RO          184    .text.MX_TIM2_Init  tim.o
    0x0800262a   0x0800262a   0x00000002   PAD
    0x0800262c   0x0800262c   0x0000003c   Code   RO          207    .text.MX_USART1_UART_Init  usart.o
    0x08002668   0x08002668   0x00000002   Code   RO          227    .text.MemManage_Handler  stm32f4xx_it.o
    0x0800266a   0x0800266a   0x00000002   PAD
    0x0800266c   0x0800266c   0x00000002   Code   RO          223    .text.NMI_Handler   stm32f4xx_it.o
    0x0800266e   0x0800266e   0x00000002   PAD
    0x08002670   0x08002670   0x00000002   Code   RO          237    .text.PendSV_Handler  stm32f4xx_it.o
    0x08002672   0x08002672   0x00000002   PAD
    0x08002674   0x08002674   0x00000002   Code   RO          233    .text.SVC_Handler   stm32f4xx_it.o
    0x08002676   0x08002676   0x00000002   PAD
    0x08002678   0x08002678   0x00000004   Code   RO          239    .text.SysTick_Handler  stm32f4xx_it.o
    0x0800267c   0x0800267c   0x000000b0   Code   RO          118    .text.SystemClock_Config  main.o
    0x0800272c   0x0800272c   0x00000012   Code   RO         1338    .text.SystemInit    system_stm32f4xx.o
    0x0800273e   0x0800273e   0x00000002   PAD
    0x08002740   0x08002740   0x0000000c   Code   RO          241    .text.TIM2_IRQHandler  stm32f4xx_it.o
    0x0800274c   0x0800274c   0x0000013c   Code   RO          903    .text.TIM_Base_SetConfig  stm32f4xx_hal_tim.o
    0x08002888   0x08002888   0x000000e2   Code   RO         1222    .text.UART_SetConfig  stm32f4xx_hal_uart.o
    0x0800296a   0x0800296a   0x00000002   PAD
    0x0800296c   0x0800296c   0x00000002   Code   RO          231    .text.UsageFault_Handler  stm32f4xx_it.o
    0x0800296e   0x0800296e   0x00000002   PAD
    0x08002970   0x08002970   0x00000002   Code   RO          201    .text._sys_exit     usart.o
    0x08002972   0x08002972   0x00000002   PAD
    0x08002974   0x08002974   0x00000002   Code   RO          199    .text._ttywrch      usart.o
    0x08002976   0x08002976   0x00000002   PAD
    0x08002978   0x08002978   0x000000a0   Code   RO         1361    .text.ai_network_create_and_init  network.o
    0x08002a18   0x08002a18   0x00000038   Code   RO         1604    .text.ai_network_data_params_get  network_data.o
    0x08002a50   0x08002a50   0x00000008   Code   RO         1357    .text.ai_network_get_error  network.o
    0x08002a58   0x08002a58   0x00000234   Code   RO         1363    .text.ai_network_init  network.o
    0x08002c8c   0x08002c8c   0x00000022   Code   RO         1365    .text.ai_network_inputs_get  network.o
    0x08002cae   0x08002cae   0x00000002   PAD
    0x08002cb0   0x08002cb0   0x00000022   Code   RO         1367    .text.ai_network_outputs_get  network.o
    0x08002cd2   0x08002cd2   0x00000002   PAD
    0x08002cd4   0x08002cd4   0x00000008   Code   RO         1371    .text.ai_network_run  network.o
    0x08002cdc   0x08002cdc   0x00000004   Code   RO          258    .text.at24cxx_init  24cxx.o
    0x08002ce0   0x08002ce0   0x00000062   Code   RO          266    .text.at24cxx_read  24cxx.o
    0x08002d42   0x08002d42   0x00000002   PAD
    0x08002d44   0x08002d44   0x00000044   Code   RO          260    .text.at24cxx_read_one_byte  24cxx.o
    0x08002d88   0x08002d88   0x0000005c   Code   RO          268    .text.at24cxx_write  24cxx.o
    0x08002de4   0x08002de4   0x00000040   Code   RO          262    .text.at24cxx_write_one_byte  24cxx.o
    0x08002e24   0x08002e24   0x000000a0   Code   RO          278    .text.ct_iic_init   ctiic.o
    0x08002ec4   0x08002ec4   0x00000252   Code   RO          292    .text.ct_iic_read_byte  ctiic.o
    0x08003116   0x08003116   0x00000002   PAD
    0x08003118   0x08003118   0x0000018e   Code   RO          290    .text.ct_iic_send_byte  ctiic.o
    0x080032a6   0x080032a6   0x00000002   PAD
    0x080032a8   0x080032a8   0x00000050   Code   RO          282    .text.ct_iic_start  ctiic.o
    0x080032f8   0x080032f8   0x00000044   Code   RO          280    .text.ct_iic_stop   ctiic.o
    0x0800333c   0x0800333c   0x000000aa   Code   RO          284    .text.ct_iic_wait_ack  ctiic.o
    0x080033e6   0x080033e6   0x00000002   PAD
    0x080033e8   0x080033e8   0x00000232   Code   RO          112    .text.ctp_test      main.o
    0x0800361a   0x0800361a   0x00000002   PAD
    0x0800361c   0x0800361c   0x000001ba   Code   RO          395    .text.delay_ms      delay.o
    0x080037d6   0x080037d6   0x00000002   PAD
    0x080037d8   0x080037d8   0x0000004e   Code   RO          393    .text.delay_us      delay.o
    0x08003826   0x08003826   0x00000002   PAD
    0x08003828   0x08003828   0x00000028   Code   RO          205    .text.fputc         usart.o
    0x08003850   0x08003850   0x0000018c   Code   RO          306    .text.ft5206_init   ft5206.o
    0x080039dc   0x080039dc   0x00000050   Code   RO          304    .text.ft5206_rd_reg  ft5206.o
    0x08003a2c   0x08003a2c   0x00000336   Code   RO          308    .text.ft5206_scan   ft5206.o
    0x08003d62   0x08003d62   0x00000002   PAD
    0x08003d64   0x08003d64   0x0000018c   Code   RO          324    .text.gt9xxx_init   gt9xxx.o
    0x08003ef0   0x08003ef0   0x0000005c   Code   RO          322    .text.gt9xxx_rd_reg  gt9xxx.o
    0x08003f4c   0x08003f4c   0x000001fc   Code   RO          326    .text.gt9xxx_scan   gt9xxx.o
    0x08004148   0x08004148   0x0000006c   Code   RO          320    .text.gt9xxx_wr_reg  gt9xxx.o
    0x080041b4   0x080041b4   0x000000a4   Code   RO          340    .text.iic_init      myiic.o
    0x08004258   0x08004258   0x00000274   Code   RO          354    .text.iic_read_byte  myiic.o
    0x080044cc   0x080044cc   0x000001aa   Code   RO          352    .text.iic_send_byte  myiic.o
    0x08004676   0x08004676   0x00000002   PAD
    0x08004678   0x08004678   0x00000050   Code   RO          344    .text.iic_start     myiic.o
    0x080046c8   0x080046c8   0x00000044   Code   RO          342    .text.iic_stop      myiic.o
    0x0800470c   0x0800470c   0x00000098   Code   RO          346    .text.iic_wait_ack  myiic.o
    0x080047a4   0x080047a4   0x0000005c   Code   RO           39    .text.lcd_clear     lcd.o
    0x08004800   0x08004800   0x000000b6   Code   RO           67    .text.lcd_draw_bline  lcd.o
    0x080048b6   0x080048b6   0x00000002   PAD
    0x080048b8   0x080048b8   0x00000134   Code   RO           55    .text.lcd_draw_circle  lcd.o
    0x080049ec   0x080049ec   0x000000b2   Code   RO           49    .text.lcd_draw_line  lcd.o
    0x08004a9e   0x08004a9e   0x00000002   PAD
    0x08004aa0   0x08004aa0   0x0000001e   Code   RO           29    .text.lcd_draw_point  lcd.o
    0x08004abe   0x08004abe   0x00000002   PAD
    0x08004ac0   0x08004ac0   0x00000162   Code   RO           53    .text.lcd_draw_rectangle  lcd.o
    0x08004c22   0x08004c22   0x00000002   PAD
    0x08004c24   0x08004c24   0x0000022e   Code   RO           89    .text.lcd_ex_ili9341_reginit  lcd_ex.o
    0x08004e52   0x08004e52   0x00000002   PAD
    0x08004e54   0x08004e54   0x00000342   Code   RO           97    .text.lcd_ex_ili9806_reginit  lcd_ex.o
    0x08005196   0x08005196   0x00000002   PAD
    0x08005198   0x08005198   0x00000ef4   Code   RO           91    .text.lcd_ex_nt35310_reginit  lcd_ex.o
    0x0800608c   0x0800608c   0x00000efe   Code   RO           95    .text.lcd_ex_nt35510_reginit  lcd_ex.o
    0x08006f8a   0x08006f8a   0x00000002   PAD
    0x08006f8c   0x08006f8c   0x00000170   Code   RO           99    .text.lcd_ex_ssd1963_reginit  lcd_ex.o
    0x080070fc   0x080070fc   0x000001aa   Code   RO           87    .text.lcd_ex_st7789_reginit  lcd_ex.o
    0x080072a6   0x080072a6   0x00000002   PAD
    0x080072a8   0x080072a8   0x000001c8   Code   RO           93    .text.lcd_ex_st7796_reginit  lcd_ex.o
    0x08007470   0x08007470   0x000000ac   Code   RO           41    .text.lcd_fill      lcd.o
    0x0800751c   0x0800751c   0x0000038a   Code   RO           57    .text.lcd_fill_circle  lcd.o
    0x080078a6   0x080078a6   0x00000002   PAD
    0x080078a8   0x080078a8   0x00000486   Code   RO           37    .text.lcd_init      lcd.o
    0x08007d2e   0x08007d2e   0x00000002   PAD
    0x08007d30   0x08007d30   0x00000314   Code   RO           27    .text.lcd_scan_dir  lcd.o
    0x08008044   0x08008044   0x00000276   Code   RO           21    .text.lcd_set_cursor  lcd.o
    0x080082ba   0x080082ba   0x00000002   PAD
    0x080082bc   0x080082bc   0x00000572   Code   RO           59    .text.lcd_show_char  lcd.o
    0x0800882e   0x0800882e   0x00000002   PAD
    0x08008830   0x08008830   0x00000070   Code   RO           65    .text.lcd_show_string  lcd.o
    0x080088a0   0x080088a0   0x0000001e   Code   RO           11    .text.lcd_wr_data   lcd.o
    0x080088be   0x080088be   0x00000002   PAD
    0x080088c0   0x080088c0   0x0000001e   Code   RO           13    .text.lcd_wr_regno  lcd.o
    0x080088de   0x080088de   0x00000002   PAD
    0x080088e0   0x080088e0   0x0000000c   Code   RO           15    .text.lcd_write_reg  lcd.o
    0x080088ec   0x080088ec   0x000002bc   Code   RO          116    .text.main          main.o
    0x08008ba8   0x08008ba8   0x00000a74   Code   RO          368    .text.tp_adjust     touch.o
    0x0800961c   0x0800961c   0x00000238   Code   RO          364    .text.tp_init       touch.o
    0x08009854   0x08009854   0x00000560   Code   RO          378    .text.tp_read_xoy   touch.o
    0x08009db4   0x08009db4   0x000000a8   Code   RO          376    .text.tp_read_xy2   touch.o
    0x08009e5c   0x08009e5c   0x000000ee   Code   RO          366    .text.tp_scan       touch.o
    0x08009f4a   0x08009f4a   0x0000003e   Code   RO         3743    CL$$btod_d2e        c_w.l(btod.o)
    0x08009f88   0x08009f88   0x00000046   Code   RO         3745    CL$$btod_d2e_denorm_low  c_w.l(btod.o)
    0x08009fce   0x08009fce   0x00000060   Code   RO         3744    CL$$btod_d2e_norm_op1  c_w.l(btod.o)
    0x0800a02e   0x0800a02e   0x00000002   PAD
    0x0800a030   0x0800a030   0x00000338   Code   RO         3753    CL$$btod_div_common  c_w.l(btod.o)
    0x0800a368   0x0800a368   0x000000dc   Code   RO         3750    CL$$btod_e2e        c_w.l(btod.o)
    0x0800a444   0x0800a444   0x0000002a   Code   RO         3747    CL$$btod_ediv       c_w.l(btod.o)
    0x0800a46e   0x0800a46e   0x0000002a   Code   RO         3746    CL$$btod_emul       c_w.l(btod.o)
    0x0800a498   0x0800a498   0x00000244   Code   RO         3752    CL$$btod_mult_common  c_w.l(btod.o)
    0x0800a6dc   0x0800a6dc   0x00000060   Code   RO         1644    i.CRC_Lock          NetworkRuntime810_CM4_Keil.lib(ai_platform_interface.o)
    0x0800a73c   0x0800a73c   0x00000030   Code   RO         3787    i.__ARM_fpclassify  m_wm.l(fpclassify.o)
    0x0800a76c   0x0800a76c   0x00000026   Code   RO         3677    i.__ARM_fpclassifyf  m_wm.l(fpclassifyf.o)
    0x0800a792   0x0800a792   0x00000002   PAD
    0x0800a794   0x0800a794   0x000000f8   Code   RO         2664    i.__ai_math_dot_array  NetworkRuntime810_CM4_Keil.lib(lite_dense_if32.o)
    0x0800a88c   0x0800a88c   0x000001ec   Code   RO         3487    i.__hardfp_expf     m_wm.l(expf.o)
    0x0800aa78   0x0800aa78   0x00000006   Code   RO         3680    i.__mathlib_flt_infnan  m_wm.l(funder.o)
    0x0800aa7e   0x0800aa7e   0x00000002   PAD
    0x0800aa80   0x0800aa80   0x00000010   Code   RO         3683    i.__mathlib_flt_overflow  m_wm.l(funder.o)
    0x0800aa90   0x0800aa90   0x00000010   Code   RO         3685    i.__mathlib_flt_underflow  m_wm.l(funder.o)
    0x0800aaa0   0x0800aaa0   0x0000012c   Code   RO         1725    i._ai_dict4_dot_array_f32  NetworkRuntime810_CM4_Keil.lib(layers_conv2d_generic_float.o)
    0x0800abcc   0x0800abcc   0x000000e8   Code   RO         1726    i._ai_dict8_dot_array_f32  NetworkRuntime810_CM4_Keil.lib(layers_conv2d_generic_float.o)
    0x0800acb4   0x0800acb4   0x00000012   Code   RO         2552    i._ai_forward_layer  NetworkRuntime810_CM4_Keil.lib(layers.o)
    0x0800acc6   0x0800acc6   0x00000004   Code   RO         1645    i._ai_platform_acquire_crc  NetworkRuntime810_CM4_Keil.lib(ai_platform_interface.o)
    0x0800acca   0x0800acca   0x00000002   PAD
    0x0800accc   0x0800accc   0x000000e0   Code   RO         1646    i._ai_platform_get_io_buffers_info  NetworkRuntime810_CM4_Keil.lib(ai_platform_interface.o)
    0x0800adac   0x0800adac   0x00000002   Code   RO         1647    i._ai_platform_release_crc  NetworkRuntime810_CM4_Keil.lib(ai_platform_interface.o)
    0x0800adae   0x0800adae   0x00000002   PAD
    0x0800adb0   0x0800adb0   0x000000ac   Code   RO         1850    i._forward_lite_nl_relu_generic_if32of32  NetworkRuntime810_CM4_Keil.lib(layers_nl_generic_float.o)
    0x0800ae5c   0x0800ae5c   0x00000038   Code   RO         1851    i._forward_lite_nl_relu_thresholded_if32of32  NetworkRuntime810_CM4_Keil.lib(layers_nl_generic_float.o)
    0x0800ae94   0x0800ae94   0x0000002e   Code   RO         1852    i._forward_lite_nl_softmax_if32of32  NetworkRuntime810_CM4_Keil.lib(layers_nl_generic_float.o)
    0x0800aec2   0x0800aec2   0x00000002   PAD
    0x0800aec4   0x0800aec4   0x00000098   Code   RO         1853    i._forward_lite_nl_softmax_if32of32_kernel  NetworkRuntime810_CM4_Keil.lib(layers_nl_generic_float.o)
    0x0800af5c   0x0800af5c   0x0000000e   Code   RO         3374    i._is_digit         c_w.l(__printf_wp.o)
    0x0800af6a   0x0800af6a   0x00000002   PAD
    0x0800af6c   0x0800af6c   0x0000004c   Code   RO         1648    i._platform_ai_buffer_array_copy  NetworkRuntime810_CM4_Keil.lib(ai_platform_interface.o)
    0x0800afb8   0x0800afb8   0x00000050   Code   RO         1649    i._platform_get_table_map_from_buffer  NetworkRuntime810_CM4_Keil.lib(ai_platform_interface.o)
    0x0800b008   0x0800b008   0x00000044   Code   RO         1650    i._platform_get_table_map_from_buffer_array  NetworkRuntime810_CM4_Keil.lib(ai_platform_interface.o)
    0x0800b04c   0x0800b04c   0x00000014   Code   RO         1651    i._platform_network_buffers_signature_valid  NetworkRuntime810_CM4_Keil.lib(ai_platform_interface.o)
    0x0800b060   0x0800b060   0x00000210   Code   RO         1652    i._platform_network_io_bind  NetworkRuntime810_CM4_Keil.lib(ai_platform_interface.o)
    0x0800b270   0x0800b270   0x0000003e   Code   RO         1653    i._platform_network_state_setup  NetworkRuntime810_CM4_Keil.lib(ai_platform_interface.o)
    0x0800b2ae   0x0800b2ae   0x00000068   Code   RO         1654    i._platform_network_state_update_input  NetworkRuntime810_CM4_Keil.lib(ai_platform_interface.o)
    0x0800b316   0x0800b316   0x0000007c   Code   RO         1655    i._platform_network_state_update_output  NetworkRuntime810_CM4_Keil.lib(ai_platform_interface.o)
    0x0800b392   0x0800b392   0x00000002   PAD
    0x0800b394   0x0800b394   0x0000016c   Code   RO         1767    i._transpose_items  NetworkRuntime810_CM4_Keil.lib(layers_generic_float.o)
    0x0800b500   0x0800b500   0x00000036   Code   RO         2047    i.ai_array_get_byte_size  NetworkRuntime810_CM4_Keil.lib(ai_datatypes_format.o)
    0x0800b536   0x0800b536   0x0000001e   Code   RO         2048    i.ai_array_get_data_byte_size  NetworkRuntime810_CM4_Keil.lib(ai_datatypes_format.o)
    0x0800b554   0x0800b554   0x00000128   Code   RO         2050    i.ai_array_to_buffer_fmt  NetworkRuntime810_CM4_Keil.lib(ai_datatypes_format.o)
    0x0800b67c   0x0800b67c   0x00000024   Code   RO         1630    i.ai_buffer_array_item_set_address  NetworkRuntime810_CM4_Keil.lib(ai_platform.o)
    0x0800b6a0   0x0800b6a0   0x00000012   Code   RO         1631    i.ai_buffer_array_sane  NetworkRuntime810_CM4_Keil.lib(ai_platform.o)
    0x0800b6b2   0x0800b6b2   0x00000002   PAD
    0x0800b6b4   0x0800b6b4   0x00000068   Code   RO         1633    i.ai_buffer_get_size  NetworkRuntime810_CM4_Keil.lib(ai_platform.o)
    0x0800b71c   0x0800b71c   0x0000002c   Code   RO         2553    i.ai_check_custom_types  NetworkRuntime810_CM4_Keil.lib(layers.o)
    0x0800b748   0x0800b748   0x00000182   Code   RO         2647    i.ai_conv2d_kernel_simple_opt_f32  NetworkRuntime810_CM4_Keil.lib(forward_lite_conv2d_if32of32wf32.o)
    0x0800b8ca   0x0800b8ca   0x0000007a   Code   RO         1729    i.ai_dict_decompress_f32  NetworkRuntime810_CM4_Keil.lib(layers_conv2d_generic_float.o)
    0x0800b944   0x0800b944   0x00000050   Code   RO         2558    i.ai_layers_forward_all  NetworkRuntime810_CM4_Keil.lib(layers.o)
    0x0800b994   0x0800b994   0x0000001e   Code   RO         2559    i.ai_layers_init_all  NetworkRuntime810_CM4_Keil.lib(layers.o)
    0x0800b9b2   0x0800b9b2   0x00000036   Code   RO         2560    i.ai_layers_post_init_all  NetworkRuntime810_CM4_Keil.lib(layers.o)
    0x0800b9e8   0x0800b9e8   0x0000002c   Code   RO         1659    i.ai_platform_bind_network_params  NetworkRuntime810_CM4_Keil.lib(ai_platform_interface.o)
    0x0800ba14   0x0800ba14   0x0000001c   Code   RO         1660    i.ai_platform_context_acquire  NetworkRuntime810_CM4_Keil.lib(ai_platform_interface.o)
    0x0800ba30   0x0800ba30   0x0000002c   Code   RO         1662    i.ai_platform_get_activations_map  NetworkRuntime810_CM4_Keil.lib(ai_platform_interface.o)
    0x0800ba5c   0x0800ba5c   0x00000028   Code   RO         1663    i.ai_platform_get_weights_map  NetworkRuntime810_CM4_Keil.lib(ai_platform_interface.o)
    0x0800ba84   0x0800ba84   0x00000042   Code   RO         1664    i.ai_platform_inputs_get  NetworkRuntime810_CM4_Keil.lib(ai_platform_interface.o)
    0x0800bac6   0x0800bac6   0x00000002   PAD
    0x0800bac8   0x0800bac8   0x00000014   Code   RO         1665    i.ai_platform_interface_api_get_version  NetworkRuntime810_CM4_Keil.lib(ai_platform_interface.o)
    0x0800badc   0x0800badc   0x00000108   Code   RO         1666    i.ai_platform_network_create  NetworkRuntime810_CM4_Keil.lib(ai_platform_interface.o)
    0x0800bbe4   0x0800bbe4   0x0000001c   Code   RO         1668    i.ai_platform_network_get_error  NetworkRuntime810_CM4_Keil.lib(ai_platform_interface.o)
    0x0800bc00   0x0800bc00   0x0000010c   Code   RO         1669    i.ai_platform_network_init  NetworkRuntime810_CM4_Keil.lib(ai_platform_interface.o)
    0x0800bd0c   0x0800bd0c   0x00000046   Code   RO         1670    i.ai_platform_network_post_init  NetworkRuntime810_CM4_Keil.lib(ai_platform_interface.o)
    0x0800bd52   0x0800bd52   0x00000054   Code   RO         1671    i.ai_platform_network_process  NetworkRuntime810_CM4_Keil.lib(ai_platform_interface.o)
    0x0800bda6   0x0800bda6   0x0000000c   Code   RO         1672    i.ai_platform_network_set_error  NetworkRuntime810_CM4_Keil.lib(ai_platform_interface.o)
    0x0800bdb2   0x0800bdb2   0x00000048   Code   RO         1678    i.ai_platform_outputs_get  NetworkRuntime810_CM4_Keil.lib(ai_platform_interface.o)
    0x0800bdfa   0x0800bdfa   0x0000001a   Code   RO         1854    i.ai_shape_get_size  NetworkRuntime810_CM4_Keil.lib(layers_nl_generic_float.o)
    0x0800be14   0x0800be14   0x0000000c   Code   RO         2071    i.ai_version_get    NetworkRuntime810_CM4_Keil.lib(ai_datatypes_internal.o)
    0x0800be20   0x0800be20   0x0000000c   Code   RO         2587    i.core_get_error    NetworkRuntime810_CM4_Keil.lib(core_common.o)
    0x0800be2c   0x0800be2c   0x00000004   Code   RO         2588    i.core_init         NetworkRuntime810_CM4_Keil.lib(core_common.o)
    0x0800be30   0x0800be30   0x0000001a   Code   RO         2589    i.core_set_error    NetworkRuntime810_CM4_Keil.lib(core_common.o)
    0x0800be4a   0x0800be4a   0x000001ca   Code   RO         1731    i.forward_conv2d_if32of32wf32  NetworkRuntime810_CM4_Keil.lib(layers_conv2d_generic_float.o)
    0x0800c014   0x0800c014   0x000001ec   Code   RO         1735    i.forward_dense     NetworkRuntime810_CM4_Keil.lib(layers_conv2d_generic_float.o)
    0x0800c200   0x0800c200   0x00000170   Code   RO         2648    i.forward_lite_conv2d_if32of32wf32  NetworkRuntime810_CM4_Keil.lib(forward_lite_conv2d_if32of32wf32.o)
    0x0800c370   0x0800c370   0x0000007c   Code   RO         2665    i.forward_lite_dense_if32of32wf32  NetworkRuntime810_CM4_Keil.lib(lite_dense_if32.o)
    0x0800c3ec   0x0800c3ec   0x00000150   Code   RO         2036    i.forward_mp        NetworkRuntime810_CM4_Keil.lib(layers_pool_generic_float.o)
    0x0800c53c   0x0800c53c   0x000000d0   Code   RO         1879    i.forward_relu      NetworkRuntime810_CM4_Keil.lib(layers_nl_generic_float.o)
    0x0800c60c   0x0800c60c   0x00000070   Code   RO         1888    i.forward_sm        NetworkRuntime810_CM4_Keil.lib(layers_nl_generic_float.o)
    0x0800c67c   0x0800c67c   0x0000004c   Code   RO         1795    i.forward_transpose  NetworkRuntime810_CM4_Keil.lib(layers_generic_float.o)
    0x0800c6c8   0x0800c6c8   0x00000028   Code   RO         2072    i.get_tensor_byte_size  NetworkRuntime810_CM4_Keil.lib(ai_datatypes_internal.o)
    0x0800c6f0   0x0800c6f0   0x0000003e   Code   RO         2038    i.pool_func_mp_kernel_array_f32  NetworkRuntime810_CM4_Keil.lib(layers_pool_generic_float.o)
    0x0800c72e   0x0800c72e   0x00000002   PAD
    0x0800c730   0x0800c730   0x00000090   Code   RO         2671    i.st_int8_copy      NetworkRuntime810_CM4_Keil.lib(st_int8_fill.o)
    0x0800c7c0   0x0800c7c0   0x0000002c   Code   RO         3772    locale$$code        c_w.l(lc_numeric_c.o)
    0x0800c7ec   0x0800c7ec   0x00000018   Code   RO         3783    x$fpl$dcmpinf       fz_wm.l(dcmpi.o)
    0x0800c804   0x0800c804   0x000002b4   Code   RO         3404    x$fpl$ddiv          fz_wm.l(ddiv.o)
    0x0800cab8   0x0800cab8   0x00000078   Code   RO         3652    x$fpl$deqf          fz_wm.l(deqf.o)
    0x0800cb30   0x0800cb30   0x0000002e   Code   RO         3412    x$fpl$dflt          fz_wm.l(dflt_clz.o)
    0x0800cb5e   0x0800cb5e   0x00000002   PAD
    0x0800cb60   0x0800cb60   0x00000078   Code   RO         3654    x$fpl$dgeqf         fz_wm.l(dgeqf.o)
    0x0800cbd8   0x0800cbd8   0x00000078   Code   RO         3656    x$fpl$dleqf         fz_wm.l(dleqf.o)
    0x0800cc50   0x0800cc50   0x0000009c   Code   RO         3658    x$fpl$dnaninf       fz_wm.l(dnaninf.o)
    0x0800ccec   0x0800ccec   0x0000000c   Code   RO         3660    x$fpl$dretinf       fz_wm.l(dretinf.o)
    0x0800ccf8   0x0800ccf8   0x00000056   Code   RO         3419    x$fpl$f2d           fz_wm.l(f2d.o)
    0x0800cd4e   0x0800cd4e   0x00000054   Code   RO         3401    x$fpl$fcmp          fz_wm.l(dcmp.o)
    0x0800cda2   0x0800cda2   0x0000008c   Code   RO         3662    x$fpl$fnaninf       fz_wm.l(fnaninf.o)
    0x0800ce2e   0x0800ce2e   0x0000001a   Code   RO         3785    x$fpl$fpinit        fz_wm.l(fpinit.o)
    0x0800ce48   0x0800ce48   0x00000004   Code   RO         3425    x$fpl$printf1       fz_wm.l(printf1.o)
    0x0800ce4c   0x0800ce4c   0x00000000   Code   RO         3670    x$fpl$usenofp       fz_wm.l(usenofp.o)
    0x0800ce4c   0x0800ce4c   0x0000006c   Data   RO         1681    .constdata          NetworkRuntime810_CM4_Keil.lib(ai_platform_interface.o)
    0x0800ceb8   0x0800ceb8   0x00000280   Data   RO         1802    .constdata          NetworkRuntime810_CM4_Keil.lib(layers_generic_float.o)
    0x0800d138   0x0800d138   0x00000028   Data   RO         3347    .constdata          c_w.l(_printf_hex_int.o)
    0x0800d160   0x0800d160   0x00000011   Data   RO         3377    .constdata          c_w.l(__printf_flags_wp.o)
    0x0800d171   0x0800d171   0x00000003   PAD
    0x0800d174   0x0800d174   0x00000030   Data   RO         3490    .constdata          m_wm.l(expf.o)
    0x0800d1a4   0x0800d1a4   0x00000094   Data   RO         3741    .constdata          c_w.l(bigflt0.o)
    0x0800d238   0x0800d238   0x00000008   Data   RO         1610    .rodata..L__const.ai_network_data_params_get.map_activations  network_data.o
    0x0800d240   0x0800d240   0x00000008   Data   RO         1611    .rodata..L__const.ai_network_data_params_get.map_weights  network_data.o
    0x0800d248   0x0800d248   0x0000000e   Data   RO           76    .rodata..Lswitch.table.lcd_scan_dir.1  lcd.o
    0x0800d256   0x0800d256   0x00000010   Data   RO         1343    .rodata.AHBPrescTable  system_stm32f4xx.o
    0x0800d266   0x0800d266   0x00000008   Data   RO         1344    .rodata.APBPrescTable  system_stm32f4xx.o
    0x0800d26e   0x0800d26e   0x00000014   Data   RO          330    .rodata.GT9XXX_TPX_TBL  gt9xxx.o
    0x0800d282   0x0800d282   0x00000014   Data   RO          130    .rodata.POINT_COLOR_TBL  main.o
    0x0800d296   0x0800d296   0x00000002   PAD
    0x0800d298   0x0800d298   0x00000008   Data   RO         1401    .rodata._model_model_0_Conv_output_0_chain  network.o
    0x0800d2a0   0x0800d2a0   0x00000008   Data   RO         1428    .rodata._model_model_10_Relu_output_0_chain  network.o
    0x0800d2a8   0x0800d2a8   0x00000008   Data   RO         1430    .rodata._model_model_11_Gemm_output_0_chain  network.o
    0x0800d2b0   0x0800d2b0   0x00000008   Data   RO         1404    .rodata._model_model_1_Relu_output_0_chain  network.o
    0x0800d2b8   0x0800d2b8   0x00000008   Data   RO         1405    .rodata._model_model_2_MaxPool_output_0_chain  network.o
    0x0800d2c0   0x0800d2c0   0x00000008   Data   RO         1409    .rodata._model_model_3_Conv_output_0_chain  network.o
    0x0800d2c8   0x0800d2c8   0x00000008   Data   RO         1412    .rodata._model_model_4_Relu_output_0_chain  network.o
    0x0800d2d0   0x0800d2d0   0x00000008   Data   RO         1413    .rodata._model_model_5_MaxPool_output_0_chain  network.o
    0x0800d2d8   0x0800d2d8   0x00000008   Data   RO         1417    .rodata._model_model_6_Conv_output_0_chain  network.o
    0x0800d2e0   0x0800d2e0   0x00000008   Data   RO         1420    .rodata._model_model_7_Relu_output_0_chain  network.o
    0x0800d2e8   0x0800d2e8   0x00000008   Data   RO         1422    .rodata._model_model_8_Flatten_output_0_to_chlast_chain  network.o
    0x0800d2f0   0x0800d2f0   0x00000008   Data   RO         1426    .rodata._model_model_9_Gemm_output_0_chain  network.o
    0x0800d2f8   0x0800d2f8   0x00000474   Data   RO           69    .rodata.asc2_1206   lcd.o
    0x0800d76c   0x0800d76c   0x000005f0   Data   RO           70    .rodata.asc2_1608   lcd.o
    0x0800dd5c   0x0800dd5c   0x00000d5c   Data   RO           71    .rodata.asc2_2412   lcd.o
    0x0800eab8   0x0800eab8   0x000017c0   Data   RO           72    .rodata.asc2_3216   lcd.o
    0x08010278   0x08010278   0x00000008   Data   RO         1431    .rodata.output_chain  network.o
    0x08010280   0x08010280   0x0007a628   Data   RO         1621    .rodata.s_network_weights_array_u64  network_data_params.o
    0x0808a8a8   0x0808a8a8   0x00000030   Data   RO          128    .rodata.str1.1      main.o
    0x0808a8d8   0x0808a8d8   0x00000005   Data   RO          329    .rodata.str1.1      gt9xxx.o
    0x0808a8dd   0x0808a8dd   0x00000087   Data   RO          381    .rodata.str1.1      touch.o
    0x0808a964   0x0808a964   0x00000020   Data   RO         3876    Region$$Table       anon$$obj.o
    0x0808a984   0x0808a984   0x0000001c   Data   RO         3771    locale$$data        c_w.l(lc_numeric_c.o)


    Execution Region RW_IRAM1 (Exec base: 0x20000000, Load base: 0x0808a9a0, Size: 0x0000fe00, Max: 0x0001c000, ABSOLUTE, COMPRESSED[0x00000550])

    Exec Addr    Load Addr    Size         Type   Attr      Idx    E Section Name        Object

    0x20000000   COMPRESSED   0x00000004   Data   RW          133    .ARM.use_no_argv    main.o
    0x20000004   COMPRESSED   0x00000008   Data   RW          772    .data..L_MergedGlobals  stm32f4xx_hal.o
    0x2000000c   COMPRESSED   0x00000010   Data   RW         1376    .data..compoundliteral  network.o
    0x2000001c   COMPRESSED   0x00000010   Data   RW         1606    .data..compoundliteral  network_data.o
    0x2000002c   COMPRESSED   0x00000010   Data   RW         1608    .data..compoundliteral.1  network_data.o
    0x2000003c   COMPRESSED   0x00000004   Data   RW         1505    .data..compoundliteral.101  network.o
    0x20000040   COMPRESSED   0x00000004   Data   RW         1506    .data..compoundliteral.102  network.o
    0x20000044   COMPRESSED   0x0000000c   Data   RW         1507    .data..compoundliteral.103  network.o
    0x20000050   COMPRESSED   0x00000030   Data   RW         1509    .data..compoundliteral.105  network.o
    0x20000080   COMPRESSED   0x00000010   Data   RW         1510    .data..compoundliteral.106  network.o
    0x20000090   COMPRESSED   0x00000010   Data   RW         1511    .data..compoundliteral.107  network.o
    0x200000a0   COMPRESSED   0x00000010   Data   RW         1514    .data..compoundliteral.109  network.o
    0x200000b0   COMPRESSED   0x00000010   Data   RW         1515    .data..compoundliteral.110  network.o
    0x200000c0   COMPRESSED   0x00000010   Data   RW         1518    .data..compoundliteral.112  network.o
    0x200000d0   COMPRESSED   0x00000010   Data   RW         1519    .data..compoundliteral.113  network.o
    0x200000e0   COMPRESSED   0x00000004   Data   RW         1522    .data..compoundliteral.115  network.o
    0x200000e4   COMPRESSED   0x00000004   Data   RW         1523    .data..compoundliteral.116  network.o
    0x200000e8   COMPRESSED   0x00000030   Data   RW         1526    .data..compoundliteral.119  network.o
    0x20000118   COMPRESSED   0x0000000c   Data   RW         1384    .data..compoundliteral.12  network.o
    0x20000124   COMPRESSED   0x00000010   Data   RW         1527    .data..compoundliteral.120  network.o
    0x20000134   COMPRESSED   0x00000010   Data   RW         1528    .data..compoundliteral.121  network.o
    0x20000144   COMPRESSED   0x00000004   Data   RW         1531    .data..compoundliteral.123  network.o
    0x20000148   COMPRESSED   0x00000004   Data   RW         1532    .data..compoundliteral.124  network.o
    0x2000014c   COMPRESSED   0x00000030   Data   RW         1535    .data..compoundliteral.127  network.o
    0x2000017c   COMPRESSED   0x00000010   Data   RW         1536    .data..compoundliteral.128  network.o
    0x2000018c   COMPRESSED   0x00000010   Data   RW         1537    .data..compoundliteral.129  network.o
    0x2000019c   COMPRESSED   0x00000004   Data   RW         1385    .data..compoundliteral.13  network.o
    0x200001a0   COMPRESSED   0x00000004   Data   RW         1540    .data..compoundliteral.131  network.o
    0x200001a4   COMPRESSED   0x00000004   Data   RW         1541    .data..compoundliteral.132  network.o
    0x200001a8   COMPRESSED   0x0000000c   Data   RW         1542    .data..compoundliteral.133  network.o
    0x200001b4   COMPRESSED   0x00000030   Data   RW         1544    .data..compoundliteral.135  network.o
    0x200001e4   COMPRESSED   0x00000010   Data   RW         1545    .data..compoundliteral.136  network.o
    0x200001f4   COMPRESSED   0x00000010   Data   RW         1546    .data..compoundliteral.137  network.o
    0x20000204   COMPRESSED   0x00000010   Data   RW         1549    .data..compoundliteral.139  network.o
    0x20000214   COMPRESSED   0x00000010   Data   RW         1550    .data..compoundliteral.140  network.o
    0x20000224   COMPRESSED   0x00000010   Data   RW         1553    .data..compoundliteral.142  network.o
    0x20000234   COMPRESSED   0x00000010   Data   RW         1554    .data..compoundliteral.143  network.o
    0x20000244   COMPRESSED   0x00000004   Data   RW         1557    .data..compoundliteral.145  network.o
    0x20000248   COMPRESSED   0x00000004   Data   RW         1558    .data..compoundliteral.146  network.o
    0x2000024c   COMPRESSED   0x00000030   Data   RW         1561    .data..compoundliteral.149  network.o
    0x2000027c   COMPRESSED   0x00000010   Data   RW         1562    .data..compoundliteral.150  network.o
    0x2000028c   COMPRESSED   0x00000010   Data   RW         1563    .data..compoundliteral.151  network.o
    0x2000029c   COMPRESSED   0x00000004   Data   RW         1566    .data..compoundliteral.153  network.o
    0x200002a0   COMPRESSED   0x00000004   Data   RW         1567    .data..compoundliteral.154  network.o
    0x200002a4   COMPRESSED   0x00000030   Data   RW         1570    .data..compoundliteral.157  network.o
    0x200002d4   COMPRESSED   0x00000010   Data   RW         1571    .data..compoundliteral.158  network.o
    0x200002e4   COMPRESSED   0x00000010   Data   RW         1572    .data..compoundliteral.159  network.o
    0x200002f4   COMPRESSED   0x00000004   Data   RW         1575    .data..compoundliteral.161  network.o
    0x200002f8   COMPRESSED   0x00000004   Data   RW         1576    .data..compoundliteral.162  network.o
    0x200002fc   COMPRESSED   0x0000000c   Data   RW         1577    .data..compoundliteral.163  network.o
    0x20000308   COMPRESSED   0x00000030   Data   RW         1579    .data..compoundliteral.165  network.o
    0x20000338   COMPRESSED   0x00000010   Data   RW         1580    .data..compoundliteral.166  network.o
    0x20000348   COMPRESSED   0x00000010   Data   RW         1581    .data..compoundliteral.167  network.o
    0x20000358   COMPRESSED   0x00000010   Data   RW         1584    .data..compoundliteral.169  network.o
    0x20000368   COMPRESSED   0x0000000c   Data   RW         1389    .data..compoundliteral.17  network.o
    0x20000374   COMPRESSED   0x00000010   Data   RW         1585    .data..compoundliteral.170  network.o
    0x20000384   COMPRESSED   0x00000018   Data   RW         1390    .data..compoundliteral.18  network.o
    0x2000039c   COMPRESSED   0x00000010   Data   RW         1392    .data..compoundliteral.20  network.o
    0x200003ac   COMPRESSED   0x00000010   Data   RW         1393    .data..compoundliteral.21  network.o
    0x200003bc   COMPRESSED   0x00000010   Data   RW         1396    .data..compoundliteral.23  network.o
    0x200003cc   COMPRESSED   0x00000010   Data   RW         1397    .data..compoundliteral.24  network.o
    0x200003dc   COMPRESSED   0x00000010   Data   RW         1402    .data..compoundliteral.26  network.o
    0x200003ec   COMPRESSED   0x00000010   Data   RW         1410    .data..compoundliteral.30  network.o
    0x200003fc   COMPRESSED   0x00000010   Data   RW         1418    .data..compoundliteral.34  network.o
    0x2000040c   COMPRESSED   0x00000018   Data   RW         1423    .data..compoundliteral.36  network.o
    0x20000424   COMPRESSED   0x00000004   Data   RW         1432    .data..compoundliteral.38  network.o
    0x20000428   COMPRESSED   0x00000004   Data   RW         1433    .data..compoundliteral.39  network.o
    0x2000042c   COMPRESSED   0x00000030   Data   RW         1436    .data..compoundliteral.42  network.o
    0x2000045c   COMPRESSED   0x00000010   Data   RW         1437    .data..compoundliteral.43  network.o
    0x2000046c   COMPRESSED   0x00000010   Data   RW         1438    .data..compoundliteral.44  network.o
    0x2000047c   COMPRESSED   0x00000004   Data   RW         1441    .data..compoundliteral.46  network.o
    0x20000480   COMPRESSED   0x00000004   Data   RW         1442    .data..compoundliteral.47  network.o
    0x20000484   COMPRESSED   0x00000008   Data   RW         1443    .data..compoundliteral.48  network.o
    0x2000048c   COMPRESSED   0x0000001c   Data   RW         1377    .data..compoundliteral.5  network.o
    0x200004a8   COMPRESSED   0x00000030   Data   RW         1445    .data..compoundliteral.50  network.o
    0x200004d8   COMPRESSED   0x00000010   Data   RW         1446    .data..compoundliteral.51  network.o
    0x200004e8   COMPRESSED   0x00000010   Data   RW         1447    .data..compoundliteral.52  network.o
    0x200004f8   COMPRESSED   0x00000010   Data   RW         1450    .data..compoundliteral.54  network.o
    0x20000508   COMPRESSED   0x00000010   Data   RW         1451    .data..compoundliteral.55  network.o
    0x20000518   COMPRESSED   0x00000010   Data   RW         1454    .data..compoundliteral.57  network.o
    0x20000528   COMPRESSED   0x00000010   Data   RW         1455    .data..compoundliteral.58  network.o
    0x20000538   COMPRESSED   0x00000010   Data   RW         1378    .data..compoundliteral.6  network.o
    0x20000548   COMPRESSED   0x00000004   Data   RW         1458    .data..compoundliteral.60  network.o
    0x2000054c   COMPRESSED   0x00000004   Data   RW         1459    .data..compoundliteral.61  network.o
    0x20000550   COMPRESSED   0x00000030   Data   RW         1462    .data..compoundliteral.64  network.o
    0x20000580   COMPRESSED   0x00000010   Data   RW         1463    .data..compoundliteral.65  network.o
    0x20000590   COMPRESSED   0x00000010   Data   RW         1464    .data..compoundliteral.66  network.o
    0x200005a0   COMPRESSED   0x00000004   Data   RW         1467    .data..compoundliteral.68  network.o
    0x200005a4   COMPRESSED   0x00000004   Data   RW         1468    .data..compoundliteral.69  network.o
    0x200005a8   COMPRESSED   0x0000001c   Data   RW         1379    .data..compoundliteral.7  network.o
    0x200005c4   COMPRESSED   0x00000008   Data   RW         1469    .data..compoundliteral.70  network.o
    0x200005cc   COMPRESSED   0x00000030   Data   RW         1471    .data..compoundliteral.72  network.o
    0x200005fc   COMPRESSED   0x00000010   Data   RW         1472    .data..compoundliteral.73  network.o
    0x2000060c   COMPRESSED   0x00000010   Data   RW         1473    .data..compoundliteral.74  network.o
    0x2000061c   COMPRESSED   0x00000010   Data   RW         1476    .data..compoundliteral.76  network.o
    0x2000062c   COMPRESSED   0x00000010   Data   RW         1477    .data..compoundliteral.77  network.o
    0x2000063c   COMPRESSED   0x00000010   Data   RW         1480    .data..compoundliteral.79  network.o
    0x2000064c   COMPRESSED   0x00000004   Data   RW         1380    .data..compoundliteral.8  network.o
    0x20000650   COMPRESSED   0x00000010   Data   RW         1481    .data..compoundliteral.80  network.o
    0x20000660   COMPRESSED   0x00000004   Data   RW         1484    .data..compoundliteral.82  network.o
    0x20000664   COMPRESSED   0x00000004   Data   RW         1485    .data..compoundliteral.83  network.o
    0x20000668   COMPRESSED   0x00000030   Data   RW         1488    .data..compoundliteral.86  network.o
    0x20000698   COMPRESSED   0x00000010   Data   RW         1489    .data..compoundliteral.87  network.o
    0x200006a8   COMPRESSED   0x00000010   Data   RW         1490    .data..compoundliteral.88  network.o
    0x200006b8   COMPRESSED   0x00000010   Data   RW         1493    .data..compoundliteral.90  network.o
    0x200006c8   COMPRESSED   0x00000010   Data   RW         1494    .data..compoundliteral.91  network.o
    0x200006d8   COMPRESSED   0x00000004   Data   RW         1496    .data..compoundliteral.93  network.o
    0x200006dc   COMPRESSED   0x00000004   Data   RW         1497    .data..compoundliteral.94  network.o
    0x200006e0   COMPRESSED   0x00000030   Data   RW         1500    .data..compoundliteral.97  network.o
    0x20000710   COMPRESSED   0x00000010   Data   RW         1501    .data..compoundliteral.98  network.o
    0x20000720   COMPRESSED   0x00000010   Data   RW         1502    .data..compoundliteral.99  network.o
    0x20000730   COMPRESSED   0x00000004   Data   RW         1342    .data.SystemCoreClock  system_stm32f4xx.o
    0x20000734   COMPRESSED   0x0000001c   Data   RW         1587    .data._model_model_0_Conv_output_0_bias  network.o
    0x20000750   COMPRESSED   0x00000010   Data   RW         1586    .data._model_model_0_Conv_output_0_bias_array  network.o
    0x20000760   COMPRESSED   0x00000044   Data   RW         1403    .data._model_model_0_Conv_output_0_layer  network.o
    0x200007a4   COMPRESSED   0x0000001c   Data   RW         1574    .data._model_model_0_Conv_output_0_output  network.o
    0x200007c0   COMPRESSED   0x00000010   Data   RW         1573    .data._model_model_0_Conv_output_0_output_array  network.o
    0x200007d0   COMPRESSED   0x0000001c   Data   RW         1583    .data._model_model_0_Conv_output_0_weights  network.o
    0x200007ec   COMPRESSED   0x00000010   Data   RW         1582    .data._model_model_0_Conv_output_0_weights_array  network.o
    0x200007fc   COMPRESSED   0x00000020   Data   RW         1425    .data._model_model_10_Relu_output_0_layer  network.o
    0x2000081c   COMPRESSED   0x0000001c   Data   RW         1449    .data._model_model_10_Relu_output_0_output  network.o
    0x20000838   COMPRESSED   0x00000010   Data   RW         1448    .data._model_model_10_Relu_output_0_output_array  network.o
    0x20000848   COMPRESSED   0x0000001c   Data   RW         1457    .data._model_model_11_Gemm_output_0_bias  network.o
    0x20000864   COMPRESSED   0x00000010   Data   RW         1456    .data._model_model_11_Gemm_output_0_bias_array  network.o
    0x20000874   COMPRESSED   0x0000001c   Data   RW         1427    .data._model_model_11_Gemm_output_0_layer  network.o
    0x20000890   COMPRESSED   0x0000001c   Data   RW         1440    .data._model_model_11_Gemm_output_0_output  network.o
    0x200008ac   COMPRESSED   0x00000010   Data   RW         1439    .data._model_model_11_Gemm_output_0_output_array  network.o
    0x200008bc   COMPRESSED   0x0000001c   Data   RW         1453    .data._model_model_11_Gemm_output_0_weights  network.o
    0x200008d8   COMPRESSED   0x00000010   Data   RW         1452    .data._model_model_11_Gemm_output_0_weights_array  network.o
    0x200008e8   COMPRESSED   0x00000020   Data   RW         1400    .data._model_model_1_Relu_output_0_layer  network.o
    0x20000908   COMPRESSED   0x0000001c   Data   RW         1565    .data._model_model_1_Relu_output_0_output  network.o
    0x20000924   COMPRESSED   0x00000010   Data   RW         1564    .data._model_model_1_Relu_output_0_output_array  network.o
    0x20000934   COMPRESSED   0x00000038   Data   RW         1407    .data._model_model_2_MaxPool_output_0_layer  network.o
    0x2000096c   COMPRESSED   0x0000001c   Data   RW         1548    .data._model_model_2_MaxPool_output_0_output  network.o
    0x20000988   COMPRESSED   0x00000010   Data   RW         1547    .data._model_model_2_MaxPool_output_0_output_array  network.o
    0x20000998   COMPRESSED   0x0000001c   Data   RW         1556    .data._model_model_3_Conv_output_0_bias  network.o
    0x200009b4   COMPRESSED   0x00000010   Data   RW         1555    .data._model_model_3_Conv_output_0_bias_array  network.o
    0x200009c4   COMPRESSED   0x00000044   Data   RW         1411    .data._model_model_3_Conv_output_0_layer  network.o
    0x20000a08   COMPRESSED   0x0000001c   Data   RW         1539    .data._model_model_3_Conv_output_0_output  network.o
    0x20000a24   COMPRESSED   0x00000010   Data   RW         1538    .data._model_model_3_Conv_output_0_output_array  network.o
    0x20000a34   COMPRESSED   0x0000001c   Data   RW         1552    .data._model_model_3_Conv_output_0_weights  network.o
    0x20000a50   COMPRESSED   0x00000010   Data   RW         1551    .data._model_model_3_Conv_output_0_weights_array  network.o
    0x20000a60   COMPRESSED   0x00000020   Data   RW         1408    .data._model_model_4_Relu_output_0_layer  network.o
    0x20000a80   COMPRESSED   0x0000001c   Data   RW         1530    .data._model_model_4_Relu_output_0_output  network.o
    0x20000a9c   COMPRESSED   0x00000010   Data   RW         1529    .data._model_model_4_Relu_output_0_output_array  network.o
    0x20000aac   COMPRESSED   0x00000038   Data   RW         1415    .data._model_model_5_MaxPool_output_0_layer  network.o
    0x20000ae4   COMPRESSED   0x0000001c   Data   RW         1513    .data._model_model_5_MaxPool_output_0_output  network.o
    0x20000b00   COMPRESSED   0x00000010   Data   RW         1512    .data._model_model_5_MaxPool_output_0_output_array  network.o
    0x20000b10   COMPRESSED   0x0000001c   Data   RW         1521    .data._model_model_6_Conv_output_0_bias  network.o
    0x20000b2c   COMPRESSED   0x00000010   Data   RW         1520    .data._model_model_6_Conv_output_0_bias_array  network.o
    0x20000b3c   COMPRESSED   0x00000044   Data   RW         1419    .data._model_model_6_Conv_output_0_layer  network.o
    0x20000b80   COMPRESSED   0x0000001c   Data   RW         1504    .data._model_model_6_Conv_output_0_output  network.o
    0x20000b9c   COMPRESSED   0x00000010   Data   RW         1503    .data._model_model_6_Conv_output_0_output_array  network.o
    0x20000bac   COMPRESSED   0x0000001c   Data   RW         1517    .data._model_model_6_Conv_output_0_weights  network.o
    0x20000bc8   COMPRESSED   0x00000010   Data   RW         1516    .data._model_model_6_Conv_output_0_weights_array  network.o
    0x20000bd8   COMPRESSED   0x00000020   Data   RW         1416    .data._model_model_7_Relu_output_0_layer  network.o
    0x20000bf8   COMPRESSED   0x0000001c   Data   RW         1492    .data._model_model_7_Relu_output_0_output  network.o
    0x20000c14   COMPRESSED   0x00000010   Data   RW         1491    .data._model_model_7_Relu_output_0_output_array  network.o
    0x20000c24   COMPRESSED   0x00000024   Data   RW         1424    .data._model_model_8_Flatten_output_0_to_chlast_layer  network.o
    0x20000c48   COMPRESSED   0x0000001c   Data   RW         1495    .data._model_model_8_Flatten_output_0_to_chlast_output  network.o
    0x20000c64   COMPRESSED   0x0000001c   Data   RW         1475    .data._model_model_8_Flatten_output_0_to_chlast_output0  network.o
    0x20000c80   COMPRESSED   0x00000010   Data   RW         1474    .data._model_model_8_Flatten_output_0_to_chlast_output_array  network.o
    0x20000c90   COMPRESSED   0x0000001c   Data   RW         1483    .data._model_model_9_Gemm_output_0_bias  network.o
    0x20000cac   COMPRESSED   0x00000010   Data   RW         1482    .data._model_model_9_Gemm_output_0_bias_array  network.o
    0x20000cbc   COMPRESSED   0x0000001c   Data   RW         1421    .data._model_model_9_Gemm_output_0_layer  network.o
    0x20000cd8   COMPRESSED   0x0000001c   Data   RW         1466    .data._model_model_9_Gemm_output_0_output  network.o
    0x20000cf4   COMPRESSED   0x00000010   Data   RW         1465    .data._model_model_9_Gemm_output_0_output_array  network.o
    0x20000d04   COMPRESSED   0x0000001c   Data   RW         1479    .data._model_model_9_Gemm_output_0_weights  network.o
    0x20000d20   COMPRESSED   0x00000010   Data   RW         1478    .data._model_model_9_Gemm_output_0_weights_array  network.o
    0x20000d30   COMPRESSED   0x00000004   Data   RW           74    .data.g_back_color  lcd.o
    0x20000d34   COMPRESSED   0x00000001   Data   RW          328    .data.g_gt_tnum     gt9xxx.o
    0x20000d35   COMPRESSED   0x00000003   PAD
    0x20000d38   COMPRESSED   0x0000004c   Data   RW         1391    .data.g_network     network.o
    0x20000d84   COMPRESSED   0x0000001c   Data   RW         1607    .data.g_network_data_map_activations  network_data.o
    0x20000da0   COMPRESSED   0x0000001c   Data   RW         1609    .data.g_network_data_map_weights  network_data.o
    0x20000dbc   COMPRESSED   0x0000001c   Data   RW         1395    .data.input_output  network.o
    0x20000dd8   COMPRESSED   0x00000010   Data   RW         1394    .data.input_output_array  network.o
    0x20000de8   COMPRESSED   0x00000020   Data   RW         1429    .data.output_layer  network.o
    0x20000e08   COMPRESSED   0x0000001c   Data   RW         1399    .data.output_output  network.o
    0x20000e24   COMPRESSED   0x00000010   Data   RW         1398    .data.output_output_array  network.o
    0x20000e34   COMPRESSED   0x00000048   Data   RW          380    .data.tp_dev        touch.o
    0x20000e7c   COMPRESSED   0x00000004   PAD
    0x20000e80        -       0x00000060   Zero   RW         3697    .bss                c_w.l(libspace.o)
    0x20000ee0        -       0x00000034   Zero   RW          134    .bss..L_MergedGlobals  main.o
    0x20000f14        -       0x00000016   Zero   RW           78    .bss..L_MergedGlobals.2  lcd.o
    0x20000f2a   COMPRESSED   0x00000002   PAD
    0x20000f2c        -       0x0000001c   Zero   RW         1382    .bss..compoundliteral.10  network.o
    0x20000f48        -       0x00000004   Zero   RW         1508    .bss..compoundliteral.104  network.o
    0x20000f4c        -       0x00000008   Zero   RW         1383    .bss..compoundliteral.11  network.o
    0x20000f54        -       0x00000004   Zero   RW         1524    .bss..compoundliteral.117  network.o
    0x20000f58        -       0x00000004   Zero   RW         1525    .bss..compoundliteral.118  network.o
    0x20000f5c        -       0x00000004   Zero   RW         1533    .bss..compoundliteral.125  network.o
    0x20000f60        -       0x00000004   Zero   RW         1534    .bss..compoundliteral.126  network.o
    0x20000f64        -       0x00000004   Zero   RW         1543    .bss..compoundliteral.134  network.o
    0x20000f68        -       0x00000010   Zero   RW         1386    .bss..compoundliteral.14  network.o
    0x20000f78        -       0x00000004   Zero   RW         1559    .bss..compoundliteral.147  network.o
    0x20000f7c        -       0x00000004   Zero   RW         1560    .bss..compoundliteral.148  network.o
    0x20000f80        -       0x0000001c   Zero   RW         1387    .bss..compoundliteral.15  network.o
    0x20000f9c        -       0x00000004   Zero   RW         1568    .bss..compoundliteral.155  network.o
    0x20000fa0        -       0x00000004   Zero   RW         1569    .bss..compoundliteral.156  network.o
    0x20000fa4        -       0x00000008   Zero   RW         1388    .bss..compoundliteral.16  network.o
    0x20000fac        -       0x00000004   Zero   RW         1578    .bss..compoundliteral.164  network.o
    0x20000fb0        -       0x00000010   Zero   RW         1406    .bss..compoundliteral.28  network.o
    0x20000fc0        -       0x00000010   Zero   RW         1414    .bss..compoundliteral.32  network.o
    0x20000fd0        -       0x00000004   Zero   RW         1434    .bss..compoundliteral.40  network.o
    0x20000fd4        -       0x00000004   Zero   RW         1435    .bss..compoundliteral.41  network.o
    0x20000fd8        -       0x00000004   Zero   RW         1444    .bss..compoundliteral.49  network.o
    0x20000fdc        -       0x00000004   Zero   RW         1460    .bss..compoundliteral.62  network.o
    0x20000fe0        -       0x00000004   Zero   RW         1461    .bss..compoundliteral.63  network.o
    0x20000fe4        -       0x00000004   Zero   RW         1470    .bss..compoundliteral.71  network.o
    0x20000fe8        -       0x00000004   Zero   RW         1486    .bss..compoundliteral.84  network.o
    0x20000fec        -       0x00000004   Zero   RW         1487    .bss..compoundliteral.85  network.o
    0x20000ff0        -       0x00000010   Zero   RW         1381    .bss..compoundliteral.9  network.o
    0x20001000        -       0x00000004   Zero   RW         1498    .bss..compoundliteral.95  network.o
    0x20001004        -       0x00000004   Zero   RW         1499    .bss..compoundliteral.96  network.o
    0x20001008        -       0x00000001   Zero   RW          174    .bss.FSMC_Initialized  fsmc.o
    0x20001009   COMPRESSED   0x00000003   PAD
    0x2000100c        -       0x00000054   Zero   RW          214    .bss.__stdout       usart.o
    0x20001060        -       0x0000d040   Zero   RW          132    .bss.activations    main.o
    0x2000e0a0        -       0x00000c40   Zero   RW          129    .bss.aiInData       main.o
    0x2000ece0        -       0x00000001   Zero   RW          397    .bss.fac_us         delay.o
    0x2000ece1        -       0x00000001   Zero   RW          311    .bss.ft5206_scan.t  ft5206.o
    0x2000ece2   COMPRESSED   0x00000002   PAD
    0x2000ece4        -       0x00000004   Zero   RW         1589    .bss.g_network_activations_map  network.o
    0x2000ece8        -       0x00000004   Zero   RW         1588    .bss.g_network_weights_map  network.o
    0x2000ecec        -       0x00000001   Zero   RW          331    .bss.gt9xxx_scan.t  gt9xxx.o
    0x2000eced   COMPRESSED   0x00000003   PAD
    0x2000ecf0        -       0x00000008   Zero   RW          158    .bss.hcrc           crc.o
    0x2000ecf8        -       0x00000050   Zero   RW          173    .bss.hsram1         fsmc.o
    0x2000ed48        -       0x00000048   Zero   RW          190    .bss.htim2          tim.o
    0x2000ed90        -       0x00000044   Zero   RW          213    .bss.huart1         usart.o
    0x2000edd4        -       0x00000028   Zero   RW          131    .bss.lastpos        main.o
    0x2000edfc        -       0x00000004   Zero   RW          771    .bss.uwTick         stm32f4xx_hal.o
    0x2000ee00        -       0x00000800   Zero   RW            2    HEAP                startup_stm32f407xx.o
    0x2000f600        -       0x00000800   Zero   RW            1    STACK               startup_stm32f407xx.o


    Execution Region RW_IRAM2 (Exec base: 0x2001c000, Load base: 0x0808aef0, Size: 0x00000000, Max: 0x00004000, ABSOLUTE)

    **** No section assigned to this execution region ****


==============================================================================

Image component sizes


      Code (inc. data)   RO Data    RW Data    ZI Data      Debug   Object Name

       326          0          0          0          0       2674   24cxx.o
        88          0          0          0          8       2615   crc.o
      1470          0          0          0          0       5487   ctiic.o
       520          0          0          0          1       3100   delay.o
       302          0          0          0         81       5456   fsmc.o
      1298         12          0          0          1       5265   ft5206.o
       204          0          0          0          0       2194   gpio.o
      1104         28         25          1          1       4253   gt9xxx.o
      6376         28      12174          4         22      37678   lcd.o
     10308          0          0          0          0       2654   lcd_ex.o
      1462        144         68          4      56540      11739   main.o
      1518          0          0          0          0       5378   myiic.o
       808          0        104       3524        228      16265   network.o
        56          0         16         88          0       3285   network_data.o
         0          0     501288          0          0        761   network_data_params.o
        64         26        392          0       4096        816   startup_stm32f407xx.o
       204          0          0          8          4       7265   stm32f4xx_hal.o
       194          0          0          0          0      10463   stm32f4xx_hal_cortex.o
        42          0          0          0          0       3768   stm32f4xx_hal_crc.o
       462          0          0          0          0       5257   stm32f4xx_hal_gpio.o
        56          0          0          0          0       1426   stm32f4xx_hal_msp.o
      1422          0          0          0          0       7322   stm32f4xx_hal_rcc.o
        92          0          0          0          0      12845   stm32f4xx_hal_sram.o
      1364          0          0          0          0      54984   stm32f4xx_hal_tim.o
       186          0          0          0          0      21211   stm32f4xx_hal_tim_ex.o
       320          0          0          0          0      31963   stm32f4xx_hal_uart.o
        32          0          0          0          0       4426   stm32f4xx_it.o
       278          0          0          0          0       7631   stm32f4xx_ll_fsmc.o
        18          0         24          4          0       2602   system_stm32f4xx.o
       182          0          0          0         72       7176   tim.o
      5026         84        135         72          0      10802   touch.o
       212          0          0          0        152       5768   usart.o

    ----------------------------------------------------------------------
     36122        322     514260       3708      61220     304529   Object Totals
         0          0         32          0          0          0   (incl. Generated)
       128          0          2          3         14          0   (incl. Padding)

    ----------------------------------------------------------------------

      Code (inc. data)   RO Data    RW Data    ZI Data      Debug   Library Member Name

       380         54          0          0          0        360   ai_datatypes_format.o
        52          6          0          0          0        232   ai_datatypes_internal.o
       158          8          0          0          0        368   ai_platform.o
      2428        108        108          0          0       3252   ai_platform_interface.o
        42          0          0          0          0        348   core_common.o
       754          6          0          0          0        308   forward_lite_conv2d_if32of32wf32.o
       226          6          0          0          0        628   layers.o
      1604         14          0          0          0        700   layers_conv2d_generic_float.o
       440          4        640          0          0        272   layers_generic_float.o
       772         22          0          0          0        908   layers_nl_generic_float.o
       398          0          0          0          0        272   layers_pool_generic_float.o
       372          8          0          0          0        272   lite_dense_if32.o
       144          0          0          0          0        132   st_int8_fill.o
        90          0          0          0          0          0   __dczerorl2.o
         8          0          0          0          0         68   __main.o
       312          4         17          0          0         92   __printf_flags_wp.o
        14          0          0          0          0         68   __printf_wp.o
         0          0          0          0          0          0   __rtentry.o
        12          0          0          0          0          0   __rtentry2.o
         6          0          0          0          0          0   __rtentry4.o
        52          8          0          0          0          0   __scatter.o
        28          0          0          0          0          0   __scatter_zi.o
        44          0          0          0          0        108   _printf_char.o
        48          6          0          0          0         96   _printf_char_common.o
        36          4          0          0          0         80   _printf_char_file.o
         6          0          0          0          0          0   _printf_d.o
       120         16          0          0          0         92   _printf_dec.o
         6          0          0          0          0          0   _printf_f.o
      1052          0          0          0          0        148   _printf_fp_dec.o
       128         16          0          0          0         84   _printf_fp_infnan.o
        88          4         40          0          0         88   _printf_hex_int.o
       178          0          0          0          0         88   _printf_intcommon.o
        78          0          0          0          0        108   _printf_pad.o
         0          0          0          0          0          0   _printf_percent.o
         4          0          0          0          0          0   _printf_percent_end.o
         6          0          0          0          0          0   _printf_s.o
        82          0          0          0          0         80   _printf_str.o
         6          0          0          0          0          0   _printf_x.o
        22          0          0          0          0        100   _rserrno.o
        10          0          0          0          0         68   _sputc.o
       228          4        148          0          0         96   bigflt0.o
      1936        128          0          0          0        668   btod.o
        10          0          0          0          0         68   defsig_exit.o
        50          0          0          0          0         88   defsig_general.o
        80         58          0          0          0         76   defsig_rtmem_inner.o
        14          0          0          0          0         80   defsig_rtmem_outer.o
        18          0          0          0          0         80   exit.o
         8          0          0          0          0         68   ferror.o
        94          0          0          0          0         80   h1_alloc.o
        52          0          0          0          0         68   h1_extend.o
        78          0          0          0          0         80   h1_free.o
        14          0          0          0          0         84   h1_init.o
         6          0          0          0          0        152   heapauxi.o
         4          0          0          0          0        136   hguard.o
       138          0          0          0          0        168   init_alloc.o
        44         10         28          0          0         76   lc_numeric_c.o
         2          0          0          0          0          0   libinit.o
        30          0          0          0          0          0   libinit2.o
         2          0          0          0          0          0   libshutdown.o
         2          0          0          0          0          0   libshutdown2.o
         8          4          0          0         96         68   libspace.o
       138          0          0          0          0         80   lludiv10.o
       240          0          0          0          0        100   lludivv7m.o
         0          0          0          0          0          0   maybetermalloc1.o
        88          0          0          0          0         76   memcmp.o
        24          4          0          0          0         84   noretval__2printf.o
        40          6          0          0          0         84   noretval__2sprintf.o
        44          4          0          0          0         84   puts.o
         8          4          0          0          0         68   rt_errno_addr_intlibspace.o
         8          4          0          0          0         68   rt_heap_descriptor_intlibspace.o
         8          4          0          0          0         68   rt_locale_intlibspace.o
        78          0          0          0          0         80   rt_memclr_w.o
       100          0          0          0          0         80   rt_memcpy_w.o
         2          0          0          0          0          0   rtexit.o
        10          0          0          0          0          0   rtexit2.o
       124          0          0          0          0         88   strcmpv7em.o
        74          0          0          0          0         80   sys_stackheap_outer.o
         2          0          0          0          0         68   use_no_semi.o
         2          0          0          0          0         68   use_no_semi_2.o
        84          0          0          0          0        244   dcmp.o
        24          0          0          0          0        116   dcmpi.o
       692        140          0          0          0        264   ddiv.o
       120          4          0          0          0        140   deqf.o
        46          0          0          0          0        116   dflt_clz.o
       120          4          0          0          0        140   dgeqf.o
       120          4          0          0          0        140   dleqf.o
       156          4          0          0          0        140   dnaninf.o
        12          0          0          0          0        116   dretinf.o
        86          4          0          0          0        132   f2d.o
       140          4          0          0          0        132   fnaninf.o
        26          0          0          0          0        116   fpinit.o
         4          0          0          0          0        116   printf1.o
         0          0          0          0          0          0   usenofp.o
       492         62         48          0          0        236   expf.o
        48          0          0          0          0        124   fpclassify.o
        38          0          0          0          0        116   fpclassifyf.o
        38         12          0          0          0        348   funder.o

    ----------------------------------------------------------------------
     16298        762       1032          0         96      15468   Library Totals
        38          0          3          0          0          0   (incl. Padding)

    ----------------------------------------------------------------------

      Code (inc. data)   RO Data    RW Data    ZI Data      Debug   Library Name

      7770        236        748          0          0       8052   NetworkRuntime810_CM4_Keil.lib
      6244        288        233          0         96       4680   c_w.l
      1630        164          0          0          0       1912   fz_wm.l
       616         74         48          0          0        824   m_wm.l

    ----------------------------------------------------------------------
     16298        762       1032          0         96      15468   Library Totals

    ----------------------------------------------------------------------

==============================================================================


      Code (inc. data)   RO Data    RW Data    ZI Data      Debug   

     52420       1084     515292       3708      61316     309465   Grand Totals
     52420       1084     515292       1360      61316     309465   ELF Image Totals (compressed)
     52420       1084     515292       1360          0          0   ROM Totals

==============================================================================

    Total RO  Size (Code + RO Data)               567712 ( 554.41kB)
    Total RW  Size (RW Data + ZI Data)             65024 (  63.50kB)
    Total ROM Size (Code + RO Data + RW Data)     569072 ( 555.73kB)

==============================================================================

